
*** crates/varve-core/src/manifest.rs:57:9: replace LayerManifest::parse -> Result<Self, ManifestError> with Ok(Default::default())

*** mutation diff:
--- crates/varve-core/src/manifest.rs
+++ replace LayerManifest::parse -> Result<Self, ManifestError> with Ok(Default::default())
@@ -49,64 +49,17 @@
     #[error("layer manifest annotation '{ann}' is invalid: {reason}")]
     BadAnnotation { ann: &'static str, reason: String },
 }
 
 impl LayerManifest {
     /// Parse manifest bytes for acceptance. Strict on the fields the
     /// anti-rollback and staleness verdicts depend on.
     pub fn parse(bytes: &[u8]) -> Result<Self, ManifestError> {
-        #[derive(Deserialize)]
-        struct Raw {
-            #[serde(default)]
-            annotations: BTreeMap<String, String>,
-            #[serde(default)]
-            manifests: Vec<ManifestEntry>,
-        }
-        let raw: Raw =
-            serde_json::from_slice(bytes).map_err(|e| ManifestError::Json(e.to_string()))?;
-        let ann = |key: &'static str| -> Result<&String, ManifestError> {
-            raw.annotations
-                .get(key)
-                .ok_or(ManifestError::MissingAnnotation(key))
-        };
-        let layer: LayerId = ann(ANN_LAYER)?
-            .parse()
-            .map_err(
-                |e: crate::layer::LayerIdError| ManifestError::BadAnnotation {
-                    ann: ANN_LAYER,
-                    reason: e.to_string(),
-                },
-            )?;
-        let channel = ann(ANN_CHANNEL)?.clone();
-        let counter: u64 = ann(ANN_COUNTER)?
-            .parse()
-            .map_err(|_| ManifestError::BadAnnotation {
-                ann: ANN_COUNTER,
-                reason: format!(
-                    "'{}' is not a non-negative integer",
-                    raw.annotations[ANN_COUNTER]
-                ),
-            })?;
-        let issued_at = ann(ANN_ISSUED_AT)?.clone();
-        // Reject a malformed issued-at at parse (F2): the staleness verdict
-        // must never silently fail open on a signed-but-undated manifest.
-        if crate::rollback::epoch_days(&issued_at).is_none() {
-            return Err(ManifestError::BadAnnotation {
-                ann: ANN_ISSUED_AT,
-                reason: format!("'{issued_at}' is not an RFC 3339 date"),
-            });
-        }
-        Ok(LayerManifest {
-            layer,
-            channel,
-            counter,
-            issued_at,
-            entries: raw.manifests,
-        })
+        Ok(Default::default()) /* ~ changed by cargo-mutants ~ */
     }
 }
 
 #[cfg(test)]
 pub(crate) mod fixtures {
     /// Entries with an optional per-entry platform annotation
     /// (REQ-PLATFORM-001 fixtures).
     pub fn manifest_with_platform_tools(


*** /Users/r/.rustup/toolchains/stable-aarch64-apple-darwin/bin/cargo test --no-run --verbose --package=varve-core@0.12.1
       Fresh unicode-ident v1.0.24
       Fresh cfg-if v1.0.4
       Fresh typenum v1.20.1
       Fresh version_check v0.9.5
       Fresh subtle v2.6.1
       Fresh memchr v2.8.3
       Fresh const-oid v0.9.6
       Fresh autocfg v1.5.1
       Fresh proc-macro2 v1.0.107
       Fresh shlex v2.0.1
       Fresh find-msvc-tools v0.1.10
       Fresh base64ct v1.8.3
       Fresh once_cell v1.21.4
       Fresh time-core v0.1.9
       Fresh quote v1.0.47
       Fresh libc v0.2.189
       Fresh cc v1.4.2
       Fresh pem-rfc7468 v0.7.0
       Fresh num-conv v0.2.2
       Fresh minimal-lexical v0.2.1
       Fresh powerfmt v0.2.0
       Fresh syn v2.0.119
       Fresh syn v3.0.3
       Fresh getrandom v0.2.17
       Fresh serde_core v1.0.229
       Fresh num-traits v0.2.19
       Fresh time-macros v0.2.32
       Fresh itoa v1.0.18
       Fresh deranged v0.5.8
       Fresh bitflags v2.13.1
       Fresh nom v7.1.3
       Fresh zeroize_derive v1.5.0
       Fresh rand_core v0.6.4
       Fresh thiserror-impl v1.0.69
       Fresh time v0.3.55
       Fresh synstructure v0.13.2
       Fresh log v0.4.33
       Fresh untrusted v0.9.0
       Fresh zeroize v1.9.0
       Fresh thiserror v1.0.69
       Fresh asn1-rs-derive v0.5.1
       Fresh ff v0.13.1
       Fresh ring v0.17.14
       Fresh displaydoc v0.2.7
       Fresh asn1-rs-impl v0.2.0
       Fresh serde_derive v1.0.229
       Fresh generic-array v0.14.9
       Fresh der v0.7.10
       Fresh rustls-pki-types v1.15.1
       Fresh rusticata-macros v4.1.0
       Fresh base64 v0.22.1
       Fresh base16ct v0.2.0
       Fresh group v0.13.0
       Fresh getrandom v0.4.3
       Fresh serde v1.0.229
       Fresh block-buffer v0.10.4
       Fresh crypto-common v0.1.6
       Fresh spki v0.7.3
       Fresh asn1-rs v0.6.2
       Fresh crypto-bigint v0.5.5
       Fresh zmij v1.0.23
       Fresh num-integer v0.1.46
       Fresh tracing-core v0.1.36
       Fresh aho-corasick v1.1.5
       Fresh lazy_static v1.5.0
       Fresh digest v0.10.7
       Fresh pkcs8 v0.10.2
       Fresh regex-syntax v0.8.11
       Fresh num-bigint v0.4.8
       Fresh serde_json v1.0.151
       Fresh sec1 v0.7.3
       Fresh hmac v0.12.1
       Fresh regex-automata v0.4.18
       Fresh cpufeatures v0.2.17
       Fresh errno v0.3.14
       Fresh elliptic-curve v0.13.8
       Fresh hybrid-array v0.4.14
       Fresh simd-adler32 v0.3.10
       Fresh adler2 v2.0.1
       Fresh core-foundation-sys v0.8.7
       Fresh bytes v1.12.1
       Fresh crc32fast v1.5.0
       Fresh oid-registry v0.7.1
       Fresh httparse v1.10.1
       Fresh miniz_oxide v0.8.9
       Fresh http v1.5.0
       Fresh iana-time-zone v0.1.65
       Fresh getrandom v0.3.4
       Fresh rfc6979 v0.4.0
       Fresh rustix v1.1.4
       Fresh sha2 v0.10.9
       Fresh wit-bindgen v0.57.1
       Fresh signature v2.2.0
       Fresh der-parser v9.0.0
       Fresh rustls-webpki v0.103.13
       Fresh thiserror-impl v2.0.20
       Fresh tracing-attributes v0.1.31
       Fresh data-encoding v2.11.1
       Fresh winnow v1.0.4
       Fresh ct-codecs v1.1.7
       Fresh pin-project-lite v0.2.17
       Fresh ureq-proto v0.6.0
       Fresh chrono v0.4.45
       Fresh tracing v0.1.44
       Fresh thiserror v2.0.20
       Fresh rustls v0.23.43
       Fresh ed25519-compact v2.3.1
       Fresh x509-parser v0.16.0
       Fresh toml_parser v1.1.3+spec-1.1.0
       Fresh ecdsa v0.16.9
       Fresh wasip2 v1.0.4+wasi-0.2.12
       Fresh flate2 v1.1.9
       Fresh crypto-common v0.2.2
       Fresh block-buffer v0.12.1
       Fresh primeorder v0.13.6
       Fresh matchers v0.2.0
       Fresh tracing-serde v0.2.0
       Fresh tracing-log v0.2.0
       Fresh sharded-slab v0.1.7
       Fresh pem v3.0.6
       Fresh webpki-roots v1.0.9
       Fresh yasna v0.5.2
       Fresh serde_spanned v1.1.1
       Fresh toml_datetime v1.1.1+spec-1.1.0
       Fresh thread_local v1.1.10
       Fresh toml_writer v1.1.2+spec-1.1.0
       Fresh hmac-sha256 v1.1.14
       Fresh const-oid v0.10.2
       Fresh smallvec v1.15.2
       Fresh ryu-js v0.2.2
       Fresh hex v0.4.3
       Fresh percent-encoding v2.3.2
       Fresh nu-ansi-term v0.50.3
       Fresh utf8-zero v0.8.1
       Fresh serde_jcs v0.2.0
       Fresh tracing-subscriber v0.3.23
       Fresh ureq v3.3.0
       Fresh digest v0.11.3
       Fresh toml v1.1.4+spec-1.1.0
       Fresh wsc-attestation v0.10.0
       Fresh wsc-verify-core v0.10.0
       Fresh p256 v0.13.2
       Fresh rcgen v0.13.2
       Fresh anyhow v1.0.104
       Fresh wasi v0.14.7+wasi-0.2.4
       Fresh xattr v1.6.1
       Fresh regex v1.13.1
       Fresh uuid v1.24.0
       Fresh maybe-async v0.2.11
       Fresh filetime v0.2.29
       Fresh cpufeatures v0.3.0
       Fresh fastrand v2.5.0
       Fresh tar v0.4.46
       Fresh wsc v0.10.0
       Fresh sha2 v0.11.0
       Fresh tempfile v3.27.0
       Dirty varve-core v0.12.1 (/private/var/folders/yp/nb2yryq12f9bnx48xdh11n8w0000gn/T/cargo-mutants-varve-wukvwf.tmp/crates/varve-core): the file `crates/varve-core/src/manifest.rs` has changed (1786175203.632635845s, 4s after last build at 1786175199.269907090s)
   Compiling varve-core v0.12.1 (/private/var/folders/yp/nb2yryq12f9bnx48xdh11n8w0000gn/T/cargo-mutants-varve-wukvwf.tmp/crates/varve-core)
     Running `/Users/r/.rustup/toolchains/stable-aarch64-apple-darwin/bin/rustc --crate-name varve_core --edition=2024 crates/varve-core/src/lib.rs --error-format=json --json=diagnostic-rendered-ansi,artifacts,future-incompat --emit=dep-info,link -C embed-bitcode=no -C debuginfo=2 -C split-debuginfo=unpacked --test --check-cfg 'cfg(docsrs,test)' --check-cfg 'cfg(feature, values())' -C metadata=1101d4c69498dd6d -C extra-filename=-3b6a34e9d1f0d3d4 --out-dir /private/var/folders/yp/nb2yryq12f9bnx48xdh11n8w0000gn/T/cargo-mutants-varve-wukvwf.tmp/target/debug/deps -C incremental=/private/var/folders/yp/nb2yryq12f9bnx48xdh11n8w0000gn/T/cargo-mutants-varve-wukvwf.tmp/target/debug/incremental -L dependency=/private/var/folders/yp/nb2yryq12f9bnx48xdh11n8w0000gn/T/cargo-mutants-varve-wukvwf.tmp/target/debug/deps --extern flate2=/private/var/folders/yp/nb2yryq12f9bnx48xdh11n8w0000gn/T/cargo-mutants-varve-wukvwf.tmp/target/debug/deps/libflate2-db5771d5ea3332d8.rlib --extern hex=/private/var/folders/yp/nb2yryq12f9bnx48xdh11n8w0000gn/T/cargo-mutants-varve-wukvwf.tmp/target/debug/deps/libhex-528a0a13ca4f118d.rlib --extern serde=/private/var/folders/yp/nb2yryq12f9bnx48xdh11n8w0000gn/T/cargo-mutants-varve-wukvwf.tmp/target/debug/deps/libserde-d27557693dece77d.rlib --extern serde_json=/private/var/folders/yp/nb2yryq12f9bnx48xdh11n8w0000gn/T/cargo-mutants-varve-wukvwf.tmp/target/debug/deps/libserde_json-6daabe9057cf87b0.rlib --extern sha2=/private/var/folders/yp/nb2yryq12f9bnx48xdh11n8w0000gn/T/cargo-mutants-varve-wukvwf.tmp/target/debug/deps/libsha2-ddd2c5e841145942.rlib --extern tar=/private/var/folders/yp/nb2yryq12f9bnx48xdh11n8w0000gn/T/cargo-mutants-varve-wukvwf.tmp/target/debug/deps/libtar-85615377350b60d1.rlib --extern tempfile=/private/var/folders/yp/nb2yryq12f9bnx48xdh11n8w0000gn/T/cargo-mutants-varve-wukvwf.tmp/target/debug/deps/libtempfile-364b383081de98bf.rlib --extern thiserror=/private/var/folders/yp/nb2yryq12f9bnx48xdh11n8w0000gn/T/cargo-mutants-varve-wukvwf.tmp/target/debug/deps/libthiserror-091ce47381df2e54.rlib --extern toml=/private/var/folders/yp/nb2yryq12f9bnx48xdh11n8w0000gn/T/cargo-mutants-varve-wukvwf.tmp/target/debug/deps/libtoml-811a898266b9ac66.rlib --extern ureq=/private/var/folders/yp/nb2yryq12f9bnx48xdh11n8w0000gn/T/cargo-mutants-varve-wukvwf.tmp/target/debug/deps/libureq-c13f0c7cabafeffa.rlib --extern wsc=/private/var/folders/yp/nb2yryq12f9bnx48xdh11n8w0000gn/T/cargo-mutants-varve-wukvwf.tmp/target/debug/deps/libwsc-6c1e53876f7208c0.rlib -L native=/private/var/folders/yp/nb2yryq12f9bnx48xdh11n8w0000gn/T/cargo-mutants-varve-wukvwf.tmp/target/debug/build/ring-d6161852d368ae9e/out`
     Running `/Users/r/.rustup/toolchains/stable-aarch64-apple-darwin/bin/rustc --crate-name varve_core --edition=2024 crates/varve-core/src/lib.rs --error-format=json --json=diagnostic-rendered-ansi,artifacts,future-incompat --crate-type lib --emit=dep-info,metadata,link -C embed-bitcode=no -C debuginfo=2 -C split-debuginfo=unpacked --check-cfg 'cfg(docsrs,test)' --check-cfg 'cfg(feature, values())' -C metadata=7d1b1d21765faac9 -C extra-filename=-5bb27eda95b97a80 --out-dir /private/var/folders/yp/nb2yryq12f9bnx48xdh11n8w0000gn/T/cargo-mutants-varve-wukvwf.tmp/target/debug/deps -C incremental=/private/var/folders/yp/nb2yryq12f9bnx48xdh11n8w0000gn/T/cargo-mutants-varve-wukvwf.tmp/target/debug/incremental -L dependency=/private/var/folders/yp/nb2yryq12f9bnx48xdh11n8w0000gn/T/cargo-mutants-varve-wukvwf.tmp/target/debug/deps --extern flate2=/private/var/folders/yp/nb2yryq12f9bnx48xdh11n8w0000gn/T/cargo-mutants-varve-wukvwf.tmp/target/debug/deps/libflate2-db5771d5ea3332d8.rmeta --extern hex=/private/var/folders/yp/nb2yryq12f9bnx48xdh11n8w0000gn/T/cargo-mutants-varve-wukvwf.tmp/target/debug/deps/libhex-528a0a13ca4f118d.rmeta --extern serde=/private/var/folders/yp/nb2yryq12f9bnx48xdh11n8w0000gn/T/cargo-mutants-varve-wukvwf.tmp/target/debug/deps/libserde-d27557693dece77d.rmeta --extern serde_json=/private/var/folders/yp/nb2yryq12f9bnx48xdh11n8w0000gn/T/cargo-mutants-varve-wukvwf.tmp/target/debug/deps/libserde_json-6daabe9057cf87b0.rmeta --extern sha2=/private/var/folders/yp/nb2yryq12f9bnx48xdh11n8w0000gn/T/cargo-mutants-varve-wukvwf.tmp/target/debug/deps/libsha2-ddd2c5e841145942.rmeta --extern tar=/private/var/folders/yp/nb2yryq12f9bnx48xdh11n8w0000gn/T/cargo-mutants-varve-wukvwf.tmp/target/debug/deps/libtar-85615377350b60d1.rmeta --extern thiserror=/private/var/folders/yp/nb2yryq12f9bnx48xdh11n8w0000gn/T/cargo-mutants-varve-wukvwf.tmp/target/debug/deps/libthiserror-091ce47381df2e54.rmeta --extern toml=/private/var/folders/yp/nb2yryq12f9bnx48xdh11n8w0000gn/T/cargo-mutants-varve-wukvwf.tmp/target/debug/deps/libtoml-811a898266b9ac66.rmeta --extern ureq=/private/var/folders/yp/nb2yryq12f9bnx48xdh11n8w0000gn/T/cargo-mutants-varve-wukvwf.tmp/target/debug/deps/libureq-c13f0c7cabafeffa.rmeta --extern wsc=/private/var/folders/yp/nb2yryq12f9bnx48xdh11n8w0000gn/T/cargo-mutants-varve-wukvwf.tmp/target/debug/deps/libwsc-6c1e53876f7208c0.rmeta -L native=/private/var/folders/yp/nb2yryq12f9bnx48xdh11n8w0000gn/T/cargo-mutants-varve-wukvwf.tmp/target/debug/build/ring-d6161852d368ae9e/out`
error[E0277]: the trait bound `LayerManifest: std::default::Default` is not satisfied
  --> crates/varve-core/src/manifest.rs:57:12
   |
57 |         Ok(Default::default()) /* ~ changed by cargo-mutants ~ */
   |            ^^^^^^^^^^^^^^^^^^ unsatisfied trait bound
   |
help: the trait `std::default::Default` is not implemented for `LayerManifest`
  --> crates/varve-core/src/manifest.rs:32:1
   |
32 | pub struct LayerManifest {
   | ^^^^^^^^^^^^^^^^^^^^^^^^

error[E0277]: the trait bound `manifest::LayerManifest: std::default::Default` is not satisfied
  --> crates/varve-core/src/manifest.rs:57:12
   |
57 |         Ok(Default::default()) /* ~ changed by cargo-mutants ~ */
   |            ^^^^^^^^^^^^^^^^^^ unsatisfied trait bound
   |
help: the trait `std::default::Default` is not implemented for `manifest::LayerManifest`
  --> crates/varve-core/src/manifest.rs:32:1
   |
32 | pub struct LayerManifest {
   | ^^^^^^^^^^^^^^^^^^^^^^^^

For more information about this error, try `rustc --explain E0277`.
error: could not compile `varve-core` (lib) due to 1 previous error

Caused by:
  process didn't exit successfully: `/Users/r/.rustup/toolchains/stable-aarch64-apple-darwin/bin/rustc --crate-name varve_core --edition=2024 crates/varve-core/src/lib.rs --error-format=json --json=diagnostic-rendered-ansi,artifacts,future-incompat --crate-type lib --emit=dep-info,metadata,link -C embed-bitcode=no -C debuginfo=2 -C split-debuginfo=unpacked --check-cfg 'cfg(docsrs,test)' --check-cfg 'cfg(feature, values())' -C metadata=7d1b1d21765faac9 -C extra-filename=-5bb27eda95b97a80 --out-dir /private/var/folders/yp/nb2yryq12f9bnx48xdh11n8w0000gn/T/cargo-mutants-varve-wukvwf.tmp/target/debug/deps -C incremental=/private/var/folders/yp/nb2yryq12f9bnx48xdh11n8w0000gn/T/cargo-mutants-varve-wukvwf.tmp/target/debug/incremental -L dependency=/private/var/folders/yp/nb2yryq12f9bnx48xdh11n8w0000gn/T/cargo-mutants-varve-wukvwf.tmp/target/debug/deps --extern flate2=/private/var/folders/yp/nb2yryq12f9bnx48xdh11n8w0000gn/T/cargo-mutants-varve-wukvwf.tmp/target/debug/deps/libflate2-db5771d5ea3332d8.rmeta --extern hex=/private/var/folders/yp/nb2yryq12f9bnx48xdh11n8w0000gn/T/cargo-mutants-varve-wukvwf.tmp/target/debug/deps/libhex-528a0a13ca4f118d.rmeta --extern serde=/private/var/folders/yp/nb2yryq12f9bnx48xdh11n8w0000gn/T/cargo-mutants-varve-wukvwf.tmp/target/debug/deps/libserde-d27557693dece77d.rmeta --extern serde_json=/private/var/folders/yp/nb2yryq12f9bnx48xdh11n8w0000gn/T/cargo-mutants-varve-wukvwf.tmp/target/debug/deps/libserde_json-6daabe9057cf87b0.rmeta --extern sha2=/private/var/folders/yp/nb2yryq12f9bnx48xdh11n8w0000gn/T/cargo-mutants-varve-wukvwf.tmp/target/debug/deps/libsha2-ddd2c5e841145942.rmeta --extern tar=/private/var/folders/yp/nb2yryq12f9bnx48xdh11n8w0000gn/T/cargo-mutants-varve-wukvwf.tmp/target/debug/deps/libtar-85615377350b60d1.rmeta --extern thiserror=/private/var/folders/yp/nb2yryq12f9bnx48xdh11n8w0000gn/T/cargo-mutants-varve-wukvwf.tmp/target/debug/deps/libthiserror-091ce47381df2e54.rmeta --extern toml=/private/var/folders/yp/nb2yryq12f9bnx48xdh11n8w0000gn/T/cargo-mutants-varve-wukvwf.tmp/target/debug/deps/libtoml-811a898266b9ac66.rmeta --extern ureq=/private/var/folders/yp/nb2yryq12f9bnx48xdh11n8w0000gn/T/cargo-mutants-varve-wukvwf.tmp/target/debug/deps/libureq-c13f0c7cabafeffa.rmeta --extern wsc=/private/var/folders/yp/nb2yryq12f9bnx48xdh11n8w0000gn/T/cargo-mutants-varve-wukvwf.tmp/target/debug/deps/libwsc-6c1e53876f7208c0.rmeta -L native=/private/var/folders/yp/nb2yryq12f9bnx48xdh11n8w0000gn/T/cargo-mutants-varve-wukvwf.tmp/target/debug/build/ring-d6161852d368ae9e/out` (exit status: 1)
warning: build failed, waiting for other jobs to finish...
error: could not compile `varve-core` (lib test) due to 1 previous error

Caused by:
  process didn't exit successfully: `/Users/r/.rustup/toolchains/stable-aarch64-apple-darwin/bin/rustc --crate-name varve_core --edition=2024 crates/varve-core/src/lib.rs --error-format=json --json=diagnostic-rendered-ansi,artifacts,future-incompat --emit=dep-info,link -C embed-bitcode=no -C debuginfo=2 -C split-debuginfo=unpacked --test --check-cfg 'cfg(docsrs,test)' --check-cfg 'cfg(feature, values())' -C metadata=1101d4c69498dd6d -C extra-filename=-3b6a34e9d1f0d3d4 --out-dir /private/var/folders/yp/nb2yryq12f9bnx48xdh11n8w0000gn/T/cargo-mutants-varve-wukvwf.tmp/target/debug/deps -C incremental=/private/var/folders/yp/nb2yryq12f9bnx48xdh11n8w0000gn/T/cargo-mutants-varve-wukvwf.tmp/target/debug/incremental -L dependency=/private/var/folders/yp/nb2yryq12f9bnx48xdh11n8w0000gn/T/cargo-mutants-varve-wukvwf.tmp/target/debug/deps --extern flate2=/private/var/folders/yp/nb2yryq12f9bnx48xdh11n8w0000gn/T/cargo-mutants-varve-wukvwf.tmp/target/debug/deps/libflate2-db5771d5ea3332d8.rlib --extern hex=/private/var/folders/yp/nb2yryq12f9bnx48xdh11n8w0000gn/T/cargo-mutants-varve-wukvwf.tmp/target/debug/deps/libhex-528a0a13ca4f118d.rlib --extern serde=/private/var/folders/yp/nb2yryq12f9bnx48xdh11n8w0000gn/T/cargo-mutants-varve-wukvwf.tmp/target/debug/deps/libserde-d27557693dece77d.rlib --extern serde_json=/private/var/folders/yp/nb2yryq12f9bnx48xdh11n8w0000gn/T/cargo-mutants-varve-wukvwf.tmp/target/debug/deps/libserde_json-6daabe9057cf87b0.rlib --extern sha2=/private/var/folders/yp/nb2yryq12f9bnx48xdh11n8w0000gn/T/cargo-mutants-varve-wukvwf.tmp/target/debug/deps/libsha2-ddd2c5e841145942.rlib --extern tar=/private/var/folders/yp/nb2yryq12f9bnx48xdh11n8w0000gn/T/cargo-mutants-varve-wukvwf.tmp/target/debug/deps/libtar-85615377350b60d1.rlib --extern tempfile=/private/var/folders/yp/nb2yryq12f9bnx48xdh11n8w0000gn/T/cargo-mutants-varve-wukvwf.tmp/target/debug/deps/libtempfile-364b383081de98bf.rlib --extern thiserror=/private/var/folders/yp/nb2yryq12f9bnx48xdh11n8w0000gn/T/cargo-mutants-varve-wukvwf.tmp/target/debug/deps/libthiserror-091ce47381df2e54.rlib --extern toml=/private/var/folders/yp/nb2yryq12f9bnx48xdh11n8w0000gn/T/cargo-mutants-varve-wukvwf.tmp/target/debug/deps/libtoml-811a898266b9ac66.rlib --extern ureq=/private/var/folders/yp/nb2yryq12f9bnx48xdh11n8w0000gn/T/cargo-mutants-varve-wukvwf.tmp/target/debug/deps/libureq-c13f0c7cabafeffa.rlib --extern wsc=/private/var/folders/yp/nb2yryq12f9bnx48xdh11n8w0000gn/T/cargo-mutants-varve-wukvwf.tmp/target/debug/deps/libwsc-6c1e53876f7208c0.rlib -L native=/private/var/folders/yp/nb2yryq12f9bnx48xdh11n8w0000gn/T/cargo-mutants-varve-wukvwf.tmp/target/debug/build/ring-d6161852d368ae9e/out` (exit status: 1)

*** result: Failure(101)
