
*** crates/varve-core/src/realm.rs:115:5: replace resolve_realm -> Result<Realm, RealmError> with Ok(Default::default())

*** mutation diff:
--- crates/varve-core/src/realm.rs
+++ replace resolve_realm -> Result<Realm, RealmError> with Ok(Default::default())
@@ -107,77 +107,17 @@
         }
         dir = d.parent();
     }
     None
 }
 
 /// Load one realm by name from the realms file discovered from `start`.
 pub fn resolve_realm(start: &Path, name: &str) -> Result<Realm, RealmError> {
-    let Some(path) = find_realms_file(start) else {
-        return Err(RealmError::NoRealmsFile {
-            start: start.display().to_string(),
-            realm: name.to_string(),
-        });
-    };
-    let text = std::fs::read_to_string(&path).map_err(|source| RealmError::Io {
-        path: path.display().to_string(),
-        source,
-    })?;
-    let raw: RawRealmsFile = toml::from_str(&text).map_err(|e| RealmError::Parse {
-        path: path.display().to_string(),
-        reason: e.to_string(),
-    })?;
-    let Some(def) = raw.realm.get(name) else {
-        return Err(RealmError::Undefined {
-            realm: name.to_string(),
-            path: path.display().to_string(),
-            defined: raw.realm.keys().cloned().collect(),
-        });
-    };
-    let bad = |reason: String| RealmError::BadDefinition {
-        realm: name.to_string(),
-        path: path.display().to_string(),
-        reason,
-    };
-    let hex_key = match (&def.trust_root, &def.trust_root_file) {
-        (Some(_), Some(_)) => {
-            return Err(bad(
-                "both trust-root and trust-root-file given — pick one".into()
-            ));
-        }
-        (Some(inline), None) => inline.trim().to_string(),
-        (None, Some(file)) => {
-            let key_path = path.parent().unwrap_or(Path::new(".")).join(file);
-            std::fs::read_to_string(&key_path)
-                .map_err(|e| {
-                    bad(format!(
-                        "cannot read trust-root-file {}: {e}",
-                        key_path.display()
-                    ))
-                })?
-                .trim()
-                .to_string()
-        }
-        (None, None) => return Err(bad("no trust-root or trust-root-file".into())),
-    };
-    if hex_key.len() != 64 || !hex_key.chars().all(|c| c.is_ascii_hexdigit()) {
-        return Err(bad(
-            "trust root is not a 64-hex-char ed25519 public key".into()
-        ));
-    }
-    let trust_root = (0..hex_key.len())
-        .step_by(2)
-        .map(|i| u8::from_str_radix(&hex_key[i..i + 2], 16).expect("checked hex"))
-        .collect();
-    Ok(Realm {
-        name: name.to_string(),
-        registry: def.registry.clone(),
-        trust_root,
-    })
+    Ok(Default::default()) /* ~ changed by cargo-mutants ~ */
 }
 
 #[cfg(test)]
 mod tests {
     use super::*;
 
     fn realms_dir(content: &str) -> tempfile::TempDir {
         let tmp = tempfile::tempdir().unwrap();


*** /Users/r/.rustup/toolchains/stable-aarch64-apple-darwin/bin/cargo test --no-run --verbose --package=varve-core@0.11.0
       Fresh unicode-ident v1.0.24
       Fresh cfg-if v1.0.4
       Fresh typenum v1.20.1
       Fresh version_check v0.9.5
       Fresh subtle v2.6.1
       Fresh memchr v2.8.3
       Fresh const-oid v0.9.6
       Fresh autocfg v1.5.1
       Fresh proc-macro2 v1.0.107
       Fresh shlex v2.0.1
       Fresh find-msvc-tools v0.1.9
       Fresh base64ct v1.8.3
       Fresh time-core v0.1.9
       Fresh num-conv v0.2.2
       Fresh quote v1.0.47
       Fresh libc v0.2.189
       Fresh cc v1.4.0
       Fresh pem-rfc7468 v0.7.0
       Fresh once_cell v1.21.4
       Fresh time-macros v0.2.32
       Fresh deranged v0.5.8
       Fresh syn v2.0.119
       Fresh syn v3.0.3
       Fresh getrandom v0.2.17
       Fresh serde_core v1.0.229
       Fresh num-traits v0.2.19
       Fresh bitflags v2.13.1
       Fresh itoa v1.0.18
       Fresh minimal-lexical v0.2.1
       Fresh powerfmt v0.2.0
       Fresh zeroize_derive v1.5.0
       Fresh rand_core v0.6.4
       Fresh thiserror-impl v1.0.69
       Fresh time v0.3.55
       Fresh nom v7.1.3
       Fresh synstructure v0.13.2
       Fresh untrusted v0.9.0
       Fresh log v0.4.33
       Fresh zeroize v1.9.0
       Fresh ff v0.13.1
       Fresh asn1-rs-derive v0.5.1
       Fresh ring v0.17.14
       Fresh rusticata-macros v4.1.0
       Fresh thiserror v1.0.69
       Fresh displaydoc v0.2.7
       Fresh asn1-rs-impl v0.2.0
       Fresh generic-array v0.14.9
       Fresh der v0.7.10
       Fresh rustls-pki-types v1.15.1
       Fresh serde_derive v1.0.229
       Fresh base64 v0.22.1
       Fresh base16ct v0.2.0
       Fresh getrandom v0.4.3
       Fresh asn1-rs v0.6.2
       Fresh group v0.13.0
       Fresh crypto-common v0.1.6
       Fresh block-buffer v0.10.4
       Fresh spki v0.7.3
       Fresh crypto-bigint v0.5.5
       Fresh serde v1.0.229
       Fresh zmij v1.0.23
       Fresh num-integer v0.1.46
       Fresh tracing-core v0.1.36
       Fresh aho-corasick v1.1.5
       Fresh digest v0.10.7
       Fresh pkcs8 v0.10.2
       Fresh regex-syntax v0.8.11
       Fresh lazy_static v1.5.0
       Fresh num-bigint v0.4.8
       Fresh sec1 v0.7.3
       Fresh regex-automata v0.4.18
       Fresh hmac v0.12.1
       Fresh serde_json v1.0.151
       Fresh cpufeatures v0.2.17
       Fresh errno v0.3.14
       Fresh elliptic-curve v0.13.8
       Fresh hybrid-array v0.4.14
       Fresh core-foundation-sys v0.8.7
       Fresh bytes v1.12.1
       Fresh simd-adler32 v0.3.10
       Fresh adler2 v2.0.1
       Fresh crc32fast v1.5.0
       Fresh httparse v1.10.1
       Fresh sha2 v0.10.9
       Fresh miniz_oxide v0.8.9
       Fresh http v1.5.0
       Fresh iana-time-zone v0.1.65
       Fresh wit-bindgen v0.57.1
       Fresh rfc6979 v0.4.0
       Fresh getrandom v0.3.4
       Fresh rustix v1.1.4
       Fresh der-parser v9.0.0
       Fresh signature v2.2.0
       Fresh oid-registry v0.7.1
       Fresh rustls-webpki v0.103.13
       Fresh thiserror-impl v2.0.19
       Fresh tracing-attributes v0.1.31
       Fresh data-encoding v2.11.1
       Fresh winnow v1.0.4
       Fresh pin-project-lite v0.2.17
       Fresh ct-codecs v1.1.7
       Fresh ureq-proto v0.6.0
       Fresh ecdsa v0.16.9
       Fresh thiserror v2.0.19
       Fresh ed25519-compact v2.3.1
       Fresh tracing v0.1.44
       Fresh toml_parser v1.1.3+spec-1.1.0
       Fresh rustls v0.23.43
       Fresh x509-parser v0.16.0
       Fresh flate2 v1.1.9
       Fresh wasip2 v1.0.4+wasi-0.2.12
       Fresh chrono v0.4.45
       Fresh crypto-common v0.2.2
       Fresh block-buffer v0.12.1
       Fresh primeorder v0.13.6
       Fresh matchers v0.2.0
       Fresh sharded-slab v0.1.7
       Fresh tracing-log v0.2.0
       Fresh tracing-serde v0.2.0
       Fresh webpki-roots v1.0.9
       Fresh pem v3.0.6
       Fresh yasna v0.5.2
       Fresh serde_spanned v1.1.1
       Fresh toml_datetime v1.1.1+spec-1.1.0
       Fresh thread_local v1.1.10
       Fresh const-oid v0.10.2
       Fresh ryu-js v0.2.2
       Fresh hmac-sha256 v1.1.14
       Fresh nu-ansi-term v0.50.3
       Fresh utf8-zero v0.8.1
       Fresh percent-encoding v2.3.2
       Fresh smallvec v1.15.2
       Fresh hex v0.4.3
       Fresh toml_writer v1.1.2+spec-1.1.0
       Fresh wsc-attestation v0.10.0
       Fresh serde_jcs v0.2.0
       Fresh ureq v3.3.0
       Fresh digest v0.11.3
       Fresh tracing-subscriber v0.3.23
       Fresh toml v1.1.4+spec-1.1.0
       Fresh wsc-verify-core v0.10.0
       Fresh rcgen v0.13.2
       Fresh p256 v0.13.2
       Fresh wasi v0.14.7+wasi-0.2.4
       Fresh anyhow v1.0.104
       Fresh xattr v1.6.1
       Fresh regex v1.13.1
       Fresh uuid v1.24.0
       Fresh maybe-async v0.2.11
       Fresh cpufeatures v0.3.0
       Fresh filetime v0.2.29
       Fresh fastrand v2.5.0
       Fresh wsc v0.10.0
       Fresh tar v0.4.46
       Fresh sha2 v0.11.0
       Fresh tempfile v3.27.0
       Dirty varve-core v0.11.0 (/private/var/folders/yp/nb2yryq12f9bnx48xdh11n8w0000gn/T/cargo-mutants-varve-VgfA4U.tmp/crates/varve-core): the file `crates/varve-core/src/realm.rs` has changed (1786171081.334634086s, 2s after last build at 1786171079.993282982s)
   Compiling varve-core v0.11.0 (/private/var/folders/yp/nb2yryq12f9bnx48xdh11n8w0000gn/T/cargo-mutants-varve-VgfA4U.tmp/crates/varve-core)
     Running `/Users/r/.rustup/toolchains/stable-aarch64-apple-darwin/bin/rustc --crate-name varve_core --edition=2024 crates/varve-core/src/lib.rs --error-format=json --json=diagnostic-rendered-ansi,artifacts,future-incompat --emit=dep-info,link -C embed-bitcode=no -C debuginfo=2 -C split-debuginfo=unpacked --test --check-cfg 'cfg(docsrs,test)' --check-cfg 'cfg(feature, values())' -C metadata=4ea1f9af98c1f9f6 -C extra-filename=-cd967a38bd9b372e --out-dir /private/var/folders/yp/nb2yryq12f9bnx48xdh11n8w0000gn/T/cargo-mutants-varve-VgfA4U.tmp/target/debug/deps -C incremental=/private/var/folders/yp/nb2yryq12f9bnx48xdh11n8w0000gn/T/cargo-mutants-varve-VgfA4U.tmp/target/debug/incremental -L dependency=/private/var/folders/yp/nb2yryq12f9bnx48xdh11n8w0000gn/T/cargo-mutants-varve-VgfA4U.tmp/target/debug/deps --extern flate2=/private/var/folders/yp/nb2yryq12f9bnx48xdh11n8w0000gn/T/cargo-mutants-varve-VgfA4U.tmp/target/debug/deps/libflate2-db5771d5ea3332d8.rlib --extern hex=/private/var/folders/yp/nb2yryq12f9bnx48xdh11n8w0000gn/T/cargo-mutants-varve-VgfA4U.tmp/target/debug/deps/libhex-528a0a13ca4f118d.rlib --extern serde=/private/var/folders/yp/nb2yryq12f9bnx48xdh11n8w0000gn/T/cargo-mutants-varve-VgfA4U.tmp/target/debug/deps/libserde-d27557693dece77d.rlib --extern serde_json=/private/var/folders/yp/nb2yryq12f9bnx48xdh11n8w0000gn/T/cargo-mutants-varve-VgfA4U.tmp/target/debug/deps/libserde_json-6daabe9057cf87b0.rlib --extern sha2=/private/var/folders/yp/nb2yryq12f9bnx48xdh11n8w0000gn/T/cargo-mutants-varve-VgfA4U.tmp/target/debug/deps/libsha2-ddd2c5e841145942.rlib --extern tar=/private/var/folders/yp/nb2yryq12f9bnx48xdh11n8w0000gn/T/cargo-mutants-varve-VgfA4U.tmp/target/debug/deps/libtar-85615377350b60d1.rlib --extern tempfile=/private/var/folders/yp/nb2yryq12f9bnx48xdh11n8w0000gn/T/cargo-mutants-varve-VgfA4U.tmp/target/debug/deps/libtempfile-364b383081de98bf.rlib --extern thiserror=/private/var/folders/yp/nb2yryq12f9bnx48xdh11n8w0000gn/T/cargo-mutants-varve-VgfA4U.tmp/target/debug/deps/libthiserror-b506b471ce60793a.rlib --extern toml=/private/var/folders/yp/nb2yryq12f9bnx48xdh11n8w0000gn/T/cargo-mutants-varve-VgfA4U.tmp/target/debug/deps/libtoml-811a898266b9ac66.rlib --extern ureq=/private/var/folders/yp/nb2yryq12f9bnx48xdh11n8w0000gn/T/cargo-mutants-varve-VgfA4U.tmp/target/debug/deps/libureq-64134fe2a626d9fe.rlib --extern wsc=/private/var/folders/yp/nb2yryq12f9bnx48xdh11n8w0000gn/T/cargo-mutants-varve-VgfA4U.tmp/target/debug/deps/libwsc-b8c6ba461f48dbd9.rlib -L native=/private/var/folders/yp/nb2yryq12f9bnx48xdh11n8w0000gn/T/cargo-mutants-varve-VgfA4U.tmp/target/debug/build/ring-9d28474194c2186a/out`
     Running `/Users/r/.rustup/toolchains/stable-aarch64-apple-darwin/bin/rustc --crate-name varve_core --edition=2024 crates/varve-core/src/lib.rs --error-format=json --json=diagnostic-rendered-ansi,artifacts,future-incompat --crate-type lib --emit=dep-info,metadata,link -C embed-bitcode=no -C debuginfo=2 -C split-debuginfo=unpacked --check-cfg 'cfg(docsrs,test)' --check-cfg 'cfg(feature, values())' -C metadata=4b92dfa4d33a14e6 -C extra-filename=-9ee57c892bb89227 --out-dir /private/var/folders/yp/nb2yryq12f9bnx48xdh11n8w0000gn/T/cargo-mutants-varve-VgfA4U.tmp/target/debug/deps -C incremental=/private/var/folders/yp/nb2yryq12f9bnx48xdh11n8w0000gn/T/cargo-mutants-varve-VgfA4U.tmp/target/debug/incremental -L dependency=/private/var/folders/yp/nb2yryq12f9bnx48xdh11n8w0000gn/T/cargo-mutants-varve-VgfA4U.tmp/target/debug/deps --extern flate2=/private/var/folders/yp/nb2yryq12f9bnx48xdh11n8w0000gn/T/cargo-mutants-varve-VgfA4U.tmp/target/debug/deps/libflate2-db5771d5ea3332d8.rmeta --extern hex=/private/var/folders/yp/nb2yryq12f9bnx48xdh11n8w0000gn/T/cargo-mutants-varve-VgfA4U.tmp/target/debug/deps/libhex-528a0a13ca4f118d.rmeta --extern serde=/private/var/folders/yp/nb2yryq12f9bnx48xdh11n8w0000gn/T/cargo-mutants-varve-VgfA4U.tmp/target/debug/deps/libserde-d27557693dece77d.rmeta --extern serde_json=/private/var/folders/yp/nb2yryq12f9bnx48xdh11n8w0000gn/T/cargo-mutants-varve-VgfA4U.tmp/target/debug/deps/libserde_json-6daabe9057cf87b0.rmeta --extern sha2=/private/var/folders/yp/nb2yryq12f9bnx48xdh11n8w0000gn/T/cargo-mutants-varve-VgfA4U.tmp/target/debug/deps/libsha2-ddd2c5e841145942.rmeta --extern tar=/private/var/folders/yp/nb2yryq12f9bnx48xdh11n8w0000gn/T/cargo-mutants-varve-VgfA4U.tmp/target/debug/deps/libtar-85615377350b60d1.rmeta --extern thiserror=/private/var/folders/yp/nb2yryq12f9bnx48xdh11n8w0000gn/T/cargo-mutants-varve-VgfA4U.tmp/target/debug/deps/libthiserror-b506b471ce60793a.rmeta --extern toml=/private/var/folders/yp/nb2yryq12f9bnx48xdh11n8w0000gn/T/cargo-mutants-varve-VgfA4U.tmp/target/debug/deps/libtoml-811a898266b9ac66.rmeta --extern ureq=/private/var/folders/yp/nb2yryq12f9bnx48xdh11n8w0000gn/T/cargo-mutants-varve-VgfA4U.tmp/target/debug/deps/libureq-64134fe2a626d9fe.rmeta --extern wsc=/private/var/folders/yp/nb2yryq12f9bnx48xdh11n8w0000gn/T/cargo-mutants-varve-VgfA4U.tmp/target/debug/deps/libwsc-b8c6ba461f48dbd9.rmeta -L native=/private/var/folders/yp/nb2yryq12f9bnx48xdh11n8w0000gn/T/cargo-mutants-varve-VgfA4U.tmp/target/debug/build/ring-9d28474194c2186a/out`
error[E0277]: the trait bound `Realm: std::default::Default` is not satisfied
   --> crates/varve-core/src/realm.rs:115:8
    |
115 |     Ok(Default::default()) /* ~ changed by cargo-mutants ~ */
    |        ^^^^^^^^^^^^^^^^^^ the trait `std::default::Default` is not implemented for `Realm`
    |
help: consider annotating `Realm` with `#[derive(Default)]`
    |
 27 + #[derive(Default)]
 28 | pub struct Realm {
    |

For more information about this error, try `rustc --explain E0277`.
error: could not compile `varve-core` (lib) due to 1 previous error

Caused by:
  process didn't exit successfully: `/Users/r/.rustup/toolchains/stable-aarch64-apple-darwin/bin/rustc --crate-name varve_core --edition=2024 crates/varve-core/src/lib.rs --error-format=json --json=diagnostic-rendered-ansi,artifacts,future-incompat --crate-type lib --emit=dep-info,metadata,link -C embed-bitcode=no -C debuginfo=2 -C split-debuginfo=unpacked --check-cfg 'cfg(docsrs,test)' --check-cfg 'cfg(feature, values())' -C metadata=4b92dfa4d33a14e6 -C extra-filename=-9ee57c892bb89227 --out-dir /private/var/folders/yp/nb2yryq12f9bnx48xdh11n8w0000gn/T/cargo-mutants-varve-VgfA4U.tmp/target/debug/deps -C incremental=/private/var/folders/yp/nb2yryq12f9bnx48xdh11n8w0000gn/T/cargo-mutants-varve-VgfA4U.tmp/target/debug/incremental -L dependency=/private/var/folders/yp/nb2yryq12f9bnx48xdh11n8w0000gn/T/cargo-mutants-varve-VgfA4U.tmp/target/debug/deps --extern flate2=/private/var/folders/yp/nb2yryq12f9bnx48xdh11n8w0000gn/T/cargo-mutants-varve-VgfA4U.tmp/target/debug/deps/libflate2-db5771d5ea3332d8.rmeta --extern hex=/private/var/folders/yp/nb2yryq12f9bnx48xdh11n8w0000gn/T/cargo-mutants-varve-VgfA4U.tmp/target/debug/deps/libhex-528a0a13ca4f118d.rmeta --extern serde=/private/var/folders/yp/nb2yryq12f9bnx48xdh11n8w0000gn/T/cargo-mutants-varve-VgfA4U.tmp/target/debug/deps/libserde-d27557693dece77d.rmeta --extern serde_json=/private/var/folders/yp/nb2yryq12f9bnx48xdh11n8w0000gn/T/cargo-mutants-varve-VgfA4U.tmp/target/debug/deps/libserde_json-6daabe9057cf87b0.rmeta --extern sha2=/private/var/folders/yp/nb2yryq12f9bnx48xdh11n8w0000gn/T/cargo-mutants-varve-VgfA4U.tmp/target/debug/deps/libsha2-ddd2c5e841145942.rmeta --extern tar=/private/var/folders/yp/nb2yryq12f9bnx48xdh11n8w0000gn/T/cargo-mutants-varve-VgfA4U.tmp/target/debug/deps/libtar-85615377350b60d1.rmeta --extern thiserror=/private/var/folders/yp/nb2yryq12f9bnx48xdh11n8w0000gn/T/cargo-mutants-varve-VgfA4U.tmp/target/debug/deps/libthiserror-b506b471ce60793a.rmeta --extern toml=/private/var/folders/yp/nb2yryq12f9bnx48xdh11n8w0000gn/T/cargo-mutants-varve-VgfA4U.tmp/target/debug/deps/libtoml-811a898266b9ac66.rmeta --extern ureq=/private/var/folders/yp/nb2yryq12f9bnx48xdh11n8w0000gn/T/cargo-mutants-varve-VgfA4U.tmp/target/debug/deps/libureq-64134fe2a626d9fe.rmeta --extern wsc=/private/var/folders/yp/nb2yryq12f9bnx48xdh11n8w0000gn/T/cargo-mutants-varve-VgfA4U.tmp/target/debug/deps/libwsc-b8c6ba461f48dbd9.rmeta -L native=/private/var/folders/yp/nb2yryq12f9bnx48xdh11n8w0000gn/T/cargo-mutants-varve-VgfA4U.tmp/target/debug/build/ring-9d28474194c2186a/out` (exit status: 1)
warning: build failed, waiting for other jobs to finish...
error: could not compile `varve-core` (lib test) due to 1 previous error

Caused by:
  process didn't exit successfully: `/Users/r/.rustup/toolchains/stable-aarch64-apple-darwin/bin/rustc --crate-name varve_core --edition=2024 crates/varve-core/src/lib.rs --error-format=json --json=diagnostic-rendered-ansi,artifacts,future-incompat --emit=dep-info,link -C embed-bitcode=no -C debuginfo=2 -C split-debuginfo=unpacked --test --check-cfg 'cfg(docsrs,test)' --check-cfg 'cfg(feature, values())' -C metadata=4ea1f9af98c1f9f6 -C extra-filename=-cd967a38bd9b372e --out-dir /private/var/folders/yp/nb2yryq12f9bnx48xdh11n8w0000gn/T/cargo-mutants-varve-VgfA4U.tmp/target/debug/deps -C incremental=/private/var/folders/yp/nb2yryq12f9bnx48xdh11n8w0000gn/T/cargo-mutants-varve-VgfA4U.tmp/target/debug/incremental -L dependency=/private/var/folders/yp/nb2yryq12f9bnx48xdh11n8w0000gn/T/cargo-mutants-varve-VgfA4U.tmp/target/debug/deps --extern flate2=/private/var/folders/yp/nb2yryq12f9bnx48xdh11n8w0000gn/T/cargo-mutants-varve-VgfA4U.tmp/target/debug/deps/libflate2-db5771d5ea3332d8.rlib --extern hex=/private/var/folders/yp/nb2yryq12f9bnx48xdh11n8w0000gn/T/cargo-mutants-varve-VgfA4U.tmp/target/debug/deps/libhex-528a0a13ca4f118d.rlib --extern serde=/private/var/folders/yp/nb2yryq12f9bnx48xdh11n8w0000gn/T/cargo-mutants-varve-VgfA4U.tmp/target/debug/deps/libserde-d27557693dece77d.rlib --extern serde_json=/private/var/folders/yp/nb2yryq12f9bnx48xdh11n8w0000gn/T/cargo-mutants-varve-VgfA4U.tmp/target/debug/deps/libserde_json-6daabe9057cf87b0.rlib --extern sha2=/private/var/folders/yp/nb2yryq12f9bnx48xdh11n8w0000gn/T/cargo-mutants-varve-VgfA4U.tmp/target/debug/deps/libsha2-ddd2c5e841145942.rlib --extern tar=/private/var/folders/yp/nb2yryq12f9bnx48xdh11n8w0000gn/T/cargo-mutants-varve-VgfA4U.tmp/target/debug/deps/libtar-85615377350b60d1.rlib --extern tempfile=/private/var/folders/yp/nb2yryq12f9bnx48xdh11n8w0000gn/T/cargo-mutants-varve-VgfA4U.tmp/target/debug/deps/libtempfile-364b383081de98bf.rlib --extern thiserror=/private/var/folders/yp/nb2yryq12f9bnx48xdh11n8w0000gn/T/cargo-mutants-varve-VgfA4U.tmp/target/debug/deps/libthiserror-b506b471ce60793a.rlib --extern toml=/private/var/folders/yp/nb2yryq12f9bnx48xdh11n8w0000gn/T/cargo-mutants-varve-VgfA4U.tmp/target/debug/deps/libtoml-811a898266b9ac66.rlib --extern ureq=/private/var/folders/yp/nb2yryq12f9bnx48xdh11n8w0000gn/T/cargo-mutants-varve-VgfA4U.tmp/target/debug/deps/libureq-64134fe2a626d9fe.rlib --extern wsc=/private/var/folders/yp/nb2yryq12f9bnx48xdh11n8w0000gn/T/cargo-mutants-varve-VgfA4U.tmp/target/debug/deps/libwsc-b8c6ba461f48dbd9.rlib -L native=/private/var/folders/yp/nb2yryq12f9bnx48xdh11n8w0000gn/T/cargo-mutants-varve-VgfA4U.tmp/target/debug/build/ring-9d28474194c2186a/out` (exit status: 1)

*** result: Failure(101)
