
*** crates/varve-core/src/rollback.rs:132:5: replace epoch_days -> Option<i64> with Some(0)

*** mutation diff:
--- crates/varve-core/src/rollback.rs
+++ replace epoch_days -> Option<i64> with Some(0)
@@ -124,55 +124,17 @@
 /// sub-day precision would only manufacture spurious boundary cases.
 // Public so the manifest parser can reject a malformed issued-at at parse
 // time (F2, 2026-08-08 audit) — the producer and the staleness verdict must
 // agree on what a valid date is, so there is one function.
 pub(crate) fn epoch_days(rfc3339: &str) -> Option<i64> {
     // Accept "YYYY-MM-DD", optionally followed by "T…" (the time part is not
     // used at day resolution). The date must be exactly 10 chars with dashes
     // at positions 4 and 7 — each guard independently reachable.
-    let date = rfc3339.split_once('T').map_or(rfc3339, |(d, _)| d);
-    let b = date.as_bytes();
-    if date.len() != 10 || b[4] != b'-' || b[7] != b'-' {
-        return None;
-    }
-    let y: i64 = date[0..4].parse().ok()?;
-    let m: i64 = date[5..7].parse().ok()?;
-    let d: i64 = date[8..10].parse().ok()?;
-    if !(1..=12).contains(&m) {
-        return None;
-    }
-    // Real days-per-month incl. the Gregorian leap rule — Feb 31 is not a
-    // date (the old 1..=31 check let impossible days through).
-    let leap = (y % 4 == 0 && y % 100 != 0) || y % 400 == 0;
-    let dim = [
-        31,
-        if leap { 29 } else { 28 },
-        31,
-        30,
-        31,
-        30,
-        31,
-        31,
-        30,
-        31,
-        30,
-        31,
-    ];
-    if d < 1 || d > dim[(m - 1) as usize] {
-        return None;
-    }
-    // Howard Hinnant's days_from_civil.
-    let y = y - i64::from(m <= 2);
-    let era = if y >= 0 { y } else { y - 399 } / 400;
-    let yoe = y - era * 400;
-    let mp = (m + 9) % 12;
-    let doy = (153 * mp + 2) / 5 + d - 1;
-    let doe = yoe * 365 + yoe / 4 - yoe / 100 + doy;
-    Some(era * 146_097 + doe - 719_468)
+    Some(0) /* ~ changed by cargo-mutants ~ */
 }
 
 #[cfg(test)]
 mod tests {
     use super::*;
     use crate::manifest::{LayerManifest, fixtures};
 
     fn manifest(layer: &str, counter: u64) -> LayerManifest {


*** /Users/r/.rustup/toolchains/stable-aarch64-apple-darwin/bin/cargo test --no-run --verbose --package=varve-core@0.12.1
       Fresh unicode-ident v1.0.24
       Fresh cfg-if v1.0.4
       Fresh typenum v1.20.1
       Fresh version_check v0.9.5
       Fresh subtle v2.6.1
       Fresh memchr v2.8.3
       Fresh const-oid v0.9.6
       Fresh autocfg v1.5.1
       Fresh proc-macro2 v1.0.107
       Fresh shlex v2.0.1
       Fresh find-msvc-tools v0.1.10
       Fresh base64ct v1.8.3
       Fresh num-conv v0.2.2
       Fresh time-core v0.1.9
       Fresh quote v1.0.47
       Fresh libc v0.2.189
       Fresh cc v1.4.2
       Fresh pem-rfc7468 v0.7.0
       Fresh once_cell v1.21.4
       Fresh time-macros v0.2.32
       Fresh deranged v0.5.8
       Fresh minimal-lexical v0.2.1
       Fresh syn v2.0.119
       Fresh getrandom v0.2.17
       Fresh syn v3.0.3
       Fresh num-traits v0.2.19
       Fresh serde_core v1.0.229
       Fresh powerfmt v0.2.0
       Fresh itoa v1.0.18
       Fresh bitflags v2.13.1
       Fresh nom v7.1.3
       Fresh zeroize_derive v1.5.0
       Fresh rand_core v0.6.4
       Fresh thiserror-impl v1.0.69
       Fresh time v0.3.55
       Fresh synstructure v0.13.2
       Fresh untrusted v0.9.0
       Fresh log v0.4.33
       Fresh zeroize v1.9.0
       Fresh ring v0.17.14
       Fresh asn1-rs-derive v0.5.1
       Fresh ff v0.13.1
       Fresh thiserror v1.0.69
       Fresh rusticata-macros v4.1.0
       Fresh asn1-rs-impl v0.2.0
       Fresh displaydoc v0.2.7
       Fresh generic-array v0.14.9
       Fresh der v0.7.10
       Fresh rustls-pki-types v1.15.1
       Fresh serde_derive v1.0.229
       Fresh base16ct v0.2.0
       Fresh base64 v0.22.1
       Fresh group v0.13.0
       Fresh zmij v1.0.23
       Fresh asn1-rs v0.6.2
       Fresh block-buffer v0.10.4
       Fresh crypto-common v0.1.6
       Fresh spki v0.7.3
       Fresh crypto-bigint v0.5.5
       Fresh getrandom v0.4.3
       Fresh serde v1.0.229
       Fresh num-integer v0.1.46
       Fresh tracing-core v0.1.36
       Fresh aho-corasick v1.1.5
       Fresh digest v0.10.7
       Fresh pkcs8 v0.10.2
       Fresh lazy_static v1.5.0
       Fresh regex-syntax v0.8.11
       Fresh num-bigint v0.4.8
       Fresh sec1 v0.7.3
       Fresh hmac v0.12.1
       Fresh regex-automata v0.4.18
       Fresh serde_json v1.0.151
       Fresh errno v0.3.14
       Fresh cpufeatures v0.2.17
       Fresh elliptic-curve v0.13.8
       Fresh hybrid-array v0.4.14
       Fresh adler2 v2.0.1
       Fresh simd-adler32 v0.3.10
       Fresh core-foundation-sys v0.8.7
       Fresh bytes v1.12.1
       Fresh getrandom v0.3.4
       Fresh rustix v1.1.4
       Fresh sha2 v0.10.9
       Fresh http v1.5.0
       Fresh miniz_oxide v0.8.9
       Fresh iana-time-zone v0.1.65
       Fresh crc32fast v1.5.0
       Fresh oid-registry v0.7.1
       Fresh rfc6979 v0.4.0
       Fresh wit-bindgen v0.57.1
       Fresh httparse v1.10.1
       Fresh der-parser v9.0.0
       Fresh signature v2.2.0
       Fresh rustls-webpki v0.103.13
       Fresh thiserror-impl v2.0.20
       Fresh tracing-attributes v0.1.31
       Fresh ct-codecs v1.1.7
       Fresh pin-project-lite v0.2.17
       Fresh winnow v1.0.4
       Fresh data-encoding v2.11.1
       Fresh chrono v0.4.45
       Fresh wasip2 v1.0.4+wasi-0.2.12
       Fresh rustls v0.23.43
       Fresh toml_parser v1.1.3+spec-1.1.0
       Fresh x509-parser v0.16.0
       Fresh ed25519-compact v2.3.1
       Fresh ecdsa v0.16.9
       Fresh thiserror v2.0.20
       Fresh tracing v0.1.44
       Fresh flate2 v1.1.9
       Fresh ureq-proto v0.6.0
       Fresh primeorder v0.13.6
       Fresh crypto-common v0.2.2
       Fresh block-buffer v0.12.1
       Fresh matchers v0.2.0
       Fresh sharded-slab v0.1.7
       Fresh tracing-log v0.2.0
       Fresh tracing-serde v0.2.0
       Fresh webpki-roots v1.0.9
       Fresh pem v3.0.6
       Fresh yasna v0.5.2
       Fresh toml_datetime v1.1.1+spec-1.1.0
       Fresh serde_spanned v1.1.1
       Fresh thread_local v1.1.10
       Fresh utf8-zero v0.8.1
       Fresh const-oid v0.10.2
       Fresh hmac-sha256 v1.1.14
       Fresh hex v0.4.3
       Fresh percent-encoding v2.3.2
       Fresh smallvec v1.15.2
       Fresh ryu-js v0.2.2
       Fresh toml_writer v1.1.2+spec-1.1.0
       Fresh nu-ansi-term v0.50.3
       Fresh serde_jcs v0.2.0
       Fresh ureq v3.3.0
       Fresh toml v1.1.4+spec-1.1.0
       Fresh tracing-subscriber v0.3.23
       Fresh wsc-verify-core v0.10.0
       Fresh wsc-attestation v0.10.0
       Fresh digest v0.11.3
       Fresh rcgen v0.13.2
       Fresh anyhow v1.0.104
       Fresh p256 v0.13.2
       Fresh wasi v0.14.7+wasi-0.2.4
       Fresh xattr v1.6.1
       Fresh regex v1.13.1
       Fresh uuid v1.24.0
       Fresh maybe-async v0.2.11
       Fresh cpufeatures v0.3.0
       Fresh filetime v0.2.29
       Fresh fastrand v2.5.0
       Fresh tar v0.4.46
       Fresh wsc v0.10.0
       Fresh sha2 v0.11.0
       Fresh tempfile v3.27.0
       Dirty varve-core v0.12.1 (/private/var/folders/yp/nb2yryq12f9bnx48xdh11n8w0000gn/T/cargo-mutants-varve-AMqkqA.tmp/crates/varve-core): the file `crates/varve-core/src/rollback.rs` has changed (1786175481.082420118s, 2s after last build at 1786175479.806731296s)
   Compiling varve-core v0.12.1 (/private/var/folders/yp/nb2yryq12f9bnx48xdh11n8w0000gn/T/cargo-mutants-varve-AMqkqA.tmp/crates/varve-core)
     Running `/Users/r/.rustup/toolchains/stable-aarch64-apple-darwin/bin/rustc --crate-name varve_core --edition=2024 crates/varve-core/src/lib.rs --error-format=json --json=diagnostic-rendered-ansi,artifacts,future-incompat --emit=dep-info,link -C embed-bitcode=no -C debuginfo=2 -C split-debuginfo=unpacked --test --check-cfg 'cfg(docsrs,test)' --check-cfg 'cfg(feature, values())' -C metadata=1101d4c69498dd6d -C extra-filename=-3b6a34e9d1f0d3d4 --out-dir /private/var/folders/yp/nb2yryq12f9bnx48xdh11n8w0000gn/T/cargo-mutants-varve-AMqkqA.tmp/target/debug/deps -C incremental=/private/var/folders/yp/nb2yryq12f9bnx48xdh11n8w0000gn/T/cargo-mutants-varve-AMqkqA.tmp/target/debug/incremental -L dependency=/private/var/folders/yp/nb2yryq12f9bnx48xdh11n8w0000gn/T/cargo-mutants-varve-AMqkqA.tmp/target/debug/deps --extern flate2=/private/var/folders/yp/nb2yryq12f9bnx48xdh11n8w0000gn/T/cargo-mutants-varve-AMqkqA.tmp/target/debug/deps/libflate2-db5771d5ea3332d8.rlib --extern hex=/private/var/folders/yp/nb2yryq12f9bnx48xdh11n8w0000gn/T/cargo-mutants-varve-AMqkqA.tmp/target/debug/deps/libhex-528a0a13ca4f118d.rlib --extern serde=/private/var/folders/yp/nb2yryq12f9bnx48xdh11n8w0000gn/T/cargo-mutants-varve-AMqkqA.tmp/target/debug/deps/libserde-d27557693dece77d.rlib --extern serde_json=/private/var/folders/yp/nb2yryq12f9bnx48xdh11n8w0000gn/T/cargo-mutants-varve-AMqkqA.tmp/target/debug/deps/libserde_json-6daabe9057cf87b0.rlib --extern sha2=/private/var/folders/yp/nb2yryq12f9bnx48xdh11n8w0000gn/T/cargo-mutants-varve-AMqkqA.tmp/target/debug/deps/libsha2-ddd2c5e841145942.rlib --extern tar=/private/var/folders/yp/nb2yryq12f9bnx48xdh11n8w0000gn/T/cargo-mutants-varve-AMqkqA.tmp/target/debug/deps/libtar-85615377350b60d1.rlib --extern tempfile=/private/var/folders/yp/nb2yryq12f9bnx48xdh11n8w0000gn/T/cargo-mutants-varve-AMqkqA.tmp/target/debug/deps/libtempfile-364b383081de98bf.rlib --extern thiserror=/private/var/folders/yp/nb2yryq12f9bnx48xdh11n8w0000gn/T/cargo-mutants-varve-AMqkqA.tmp/target/debug/deps/libthiserror-091ce47381df2e54.rlib --extern toml=/private/var/folders/yp/nb2yryq12f9bnx48xdh11n8w0000gn/T/cargo-mutants-varve-AMqkqA.tmp/target/debug/deps/libtoml-811a898266b9ac66.rlib --extern ureq=/private/var/folders/yp/nb2yryq12f9bnx48xdh11n8w0000gn/T/cargo-mutants-varve-AMqkqA.tmp/target/debug/deps/libureq-c13f0c7cabafeffa.rlib --extern wsc=/private/var/folders/yp/nb2yryq12f9bnx48xdh11n8w0000gn/T/cargo-mutants-varve-AMqkqA.tmp/target/debug/deps/libwsc-6c1e53876f7208c0.rlib -L native=/private/var/folders/yp/nb2yryq12f9bnx48xdh11n8w0000gn/T/cargo-mutants-varve-AMqkqA.tmp/target/debug/build/ring-d6161852d368ae9e/out`
     Running `/Users/r/.rustup/toolchains/stable-aarch64-apple-darwin/bin/rustc --crate-name varve_core --edition=2024 crates/varve-core/src/lib.rs --error-format=json --json=diagnostic-rendered-ansi,artifacts,future-incompat --crate-type lib --emit=dep-info,metadata,link -C embed-bitcode=no -C debuginfo=2 -C split-debuginfo=unpacked --check-cfg 'cfg(docsrs,test)' --check-cfg 'cfg(feature, values())' -C metadata=7d1b1d21765faac9 -C extra-filename=-5bb27eda95b97a80 --out-dir /private/var/folders/yp/nb2yryq12f9bnx48xdh11n8w0000gn/T/cargo-mutants-varve-AMqkqA.tmp/target/debug/deps -C incremental=/private/var/folders/yp/nb2yryq12f9bnx48xdh11n8w0000gn/T/cargo-mutants-varve-AMqkqA.tmp/target/debug/incremental -L dependency=/private/var/folders/yp/nb2yryq12f9bnx48xdh11n8w0000gn/T/cargo-mutants-varve-AMqkqA.tmp/target/debug/deps --extern flate2=/private/var/folders/yp/nb2yryq12f9bnx48xdh11n8w0000gn/T/cargo-mutants-varve-AMqkqA.tmp/target/debug/deps/libflate2-db5771d5ea3332d8.rmeta --extern hex=/private/var/folders/yp/nb2yryq12f9bnx48xdh11n8w0000gn/T/cargo-mutants-varve-AMqkqA.tmp/target/debug/deps/libhex-528a0a13ca4f118d.rmeta --extern serde=/private/var/folders/yp/nb2yryq12f9bnx48xdh11n8w0000gn/T/cargo-mutants-varve-AMqkqA.tmp/target/debug/deps/libserde-d27557693dece77d.rmeta --extern serde_json=/private/var/folders/yp/nb2yryq12f9bnx48xdh11n8w0000gn/T/cargo-mutants-varve-AMqkqA.tmp/target/debug/deps/libserde_json-6daabe9057cf87b0.rmeta --extern sha2=/private/var/folders/yp/nb2yryq12f9bnx48xdh11n8w0000gn/T/cargo-mutants-varve-AMqkqA.tmp/target/debug/deps/libsha2-ddd2c5e841145942.rmeta --extern tar=/private/var/folders/yp/nb2yryq12f9bnx48xdh11n8w0000gn/T/cargo-mutants-varve-AMqkqA.tmp/target/debug/deps/libtar-85615377350b60d1.rmeta --extern thiserror=/private/var/folders/yp/nb2yryq12f9bnx48xdh11n8w0000gn/T/cargo-mutants-varve-AMqkqA.tmp/target/debug/deps/libthiserror-091ce47381df2e54.rmeta --extern toml=/private/var/folders/yp/nb2yryq12f9bnx48xdh11n8w0000gn/T/cargo-mutants-varve-AMqkqA.tmp/target/debug/deps/libtoml-811a898266b9ac66.rmeta --extern ureq=/private/var/folders/yp/nb2yryq12f9bnx48xdh11n8w0000gn/T/cargo-mutants-varve-AMqkqA.tmp/target/debug/deps/libureq-c13f0c7cabafeffa.rmeta --extern wsc=/private/var/folders/yp/nb2yryq12f9bnx48xdh11n8w0000gn/T/cargo-mutants-varve-AMqkqA.tmp/target/debug/deps/libwsc-6c1e53876f7208c0.rmeta -L native=/private/var/folders/yp/nb2yryq12f9bnx48xdh11n8w0000gn/T/cargo-mutants-varve-AMqkqA.tmp/target/debug/build/ring-d6161852d368ae9e/out`
warning: unused variable: `rfc3339`
   --> crates/varve-core/src/rollback.rs:128:26
    |
128 | pub(crate) fn epoch_days(rfc3339: &str) -> Option<i64> {
    |                          ^^^^^^^ help: if this is intentional, prefix it with an underscore: `_rfc3339`
    |
    = note: `#[warn(unused_variables)]` (part of `#[warn(unused)]`) on by default

warning: `varve-core` (lib) generated 1 warning (run `cargo fix --lib -p varve-core` to apply 1 suggestion)
     Running `/Users/r/.rustup/toolchains/stable-aarch64-apple-darwin/bin/rustc --crate-name registry_double --edition=2024 crates/varve-core/tests/registry_double.rs --error-format=json --json=diagnostic-rendered-ansi,artifacts,future-incompat --emit=dep-info,link -C embed-bitcode=no -C debuginfo=2 -C split-debuginfo=unpacked --test --check-cfg 'cfg(docsrs,test)' --check-cfg 'cfg(feature, values())' -C metadata=5248e44d5755fbfa -C extra-filename=-c0a17344e8d26309 --out-dir /private/var/folders/yp/nb2yryq12f9bnx48xdh11n8w0000gn/T/cargo-mutants-varve-AMqkqA.tmp/target/debug/deps -C incremental=/private/var/folders/yp/nb2yryq12f9bnx48xdh11n8w0000gn/T/cargo-mutants-varve-AMqkqA.tmp/target/debug/incremental -L dependency=/private/var/folders/yp/nb2yryq12f9bnx48xdh11n8w0000gn/T/cargo-mutants-varve-AMqkqA.tmp/target/debug/deps --extern flate2=/private/var/folders/yp/nb2yryq12f9bnx48xdh11n8w0000gn/T/cargo-mutants-varve-AMqkqA.tmp/target/debug/deps/libflate2-db5771d5ea3332d8.rlib --extern hex=/private/var/folders/yp/nb2yryq12f9bnx48xdh11n8w0000gn/T/cargo-mutants-varve-AMqkqA.tmp/target/debug/deps/libhex-528a0a13ca4f118d.rlib --extern serde=/private/var/folders/yp/nb2yryq12f9bnx48xdh11n8w0000gn/T/cargo-mutants-varve-AMqkqA.tmp/target/debug/deps/libserde-d27557693dece77d.rlib --extern serde_json=/private/var/folders/yp/nb2yryq12f9bnx48xdh11n8w0000gn/T/cargo-mutants-varve-AMqkqA.tmp/target/debug/deps/libserde_json-6daabe9057cf87b0.rlib --extern sha2=/private/var/folders/yp/nb2yryq12f9bnx48xdh11n8w0000gn/T/cargo-mutants-varve-AMqkqA.tmp/target/debug/deps/libsha2-ddd2c5e841145942.rlib --extern tar=/private/var/folders/yp/nb2yryq12f9bnx48xdh11n8w0000gn/T/cargo-mutants-varve-AMqkqA.tmp/target/debug/deps/libtar-85615377350b60d1.rlib --extern tempfile=/private/var/folders/yp/nb2yryq12f9bnx48xdh11n8w0000gn/T/cargo-mutants-varve-AMqkqA.tmp/target/debug/deps/libtempfile-364b383081de98bf.rlib --extern thiserror=/private/var/folders/yp/nb2yryq12f9bnx48xdh11n8w0000gn/T/cargo-mutants-varve-AMqkqA.tmp/target/debug/deps/libthiserror-091ce47381df2e54.rlib --extern toml=/private/var/folders/yp/nb2yryq12f9bnx48xdh11n8w0000gn/T/cargo-mutants-varve-AMqkqA.tmp/target/debug/deps/libtoml-811a898266b9ac66.rlib --extern ureq=/private/var/folders/yp/nb2yryq12f9bnx48xdh11n8w0000gn/T/cargo-mutants-varve-AMqkqA.tmp/target/debug/deps/libureq-c13f0c7cabafeffa.rlib --extern varve_core=/private/var/folders/yp/nb2yryq12f9bnx48xdh11n8w0000gn/T/cargo-mutants-varve-AMqkqA.tmp/target/debug/deps/libvarve_core-5bb27eda95b97a80.rlib --extern wsc=/private/var/folders/yp/nb2yryq12f9bnx48xdh11n8w0000gn/T/cargo-mutants-varve-AMqkqA.tmp/target/debug/deps/libwsc-6c1e53876f7208c0.rlib -L native=/private/var/folders/yp/nb2yryq12f9bnx48xdh11n8w0000gn/T/cargo-mutants-varve-AMqkqA.tmp/target/debug/build/ring-d6161852d368ae9e/out`
     Running `/Users/r/.rustup/toolchains/stable-aarch64-apple-darwin/bin/rustc --crate-name selfupdate_double --edition=2024 crates/varve-core/tests/selfupdate_double.rs --error-format=json --json=diagnostic-rendered-ansi,artifacts,future-incompat --emit=dep-info,link -C embed-bitcode=no -C debuginfo=2 -C split-debuginfo=unpacked --test --check-cfg 'cfg(docsrs,test)' --check-cfg 'cfg(feature, values())' -C metadata=782e5b07b065b0de -C extra-filename=-d8b39e7d574baa28 --out-dir /private/var/folders/yp/nb2yryq12f9bnx48xdh11n8w0000gn/T/cargo-mutants-varve-AMqkqA.tmp/target/debug/deps -C incremental=/private/var/folders/yp/nb2yryq12f9bnx48xdh11n8w0000gn/T/cargo-mutants-varve-AMqkqA.tmp/target/debug/incremental -L dependency=/private/var/folders/yp/nb2yryq12f9bnx48xdh11n8w0000gn/T/cargo-mutants-varve-AMqkqA.tmp/target/debug/deps --extern flate2=/private/var/folders/yp/nb2yryq12f9bnx48xdh11n8w0000gn/T/cargo-mutants-varve-AMqkqA.tmp/target/debug/deps/libflate2-db5771d5ea3332d8.rlib --extern hex=/private/var/folders/yp/nb2yryq12f9bnx48xdh11n8w0000gn/T/cargo-mutants-varve-AMqkqA.tmp/target/debug/deps/libhex-528a0a13ca4f118d.rlib --extern serde=/private/var/folders/yp/nb2yryq12f9bnx48xdh11n8w0000gn/T/cargo-mutants-varve-AMqkqA.tmp/target/debug/deps/libserde-d27557693dece77d.rlib --extern serde_json=/private/var/folders/yp/nb2yryq12f9bnx48xdh11n8w0000gn/T/cargo-mutants-varve-AMqkqA.tmp/target/debug/deps/libserde_json-6daabe9057cf87b0.rlib --extern sha2=/private/var/folders/yp/nb2yryq12f9bnx48xdh11n8w0000gn/T/cargo-mutants-varve-AMqkqA.tmp/target/debug/deps/libsha2-ddd2c5e841145942.rlib --extern tar=/private/var/folders/yp/nb2yryq12f9bnx48xdh11n8w0000gn/T/cargo-mutants-varve-AMqkqA.tmp/target/debug/deps/libtar-85615377350b60d1.rlib --extern tempfile=/private/var/folders/yp/nb2yryq12f9bnx48xdh11n8w0000gn/T/cargo-mutants-varve-AMqkqA.tmp/target/debug/deps/libtempfile-364b383081de98bf.rlib --extern thiserror=/private/var/folders/yp/nb2yryq12f9bnx48xdh11n8w0000gn/T/cargo-mutants-varve-AMqkqA.tmp/target/debug/deps/libthiserror-091ce47381df2e54.rlib --extern toml=/private/var/folders/yp/nb2yryq12f9bnx48xdh11n8w0000gn/T/cargo-mutants-varve-AMqkqA.tmp/target/debug/deps/libtoml-811a898266b9ac66.rlib --extern ureq=/private/var/folders/yp/nb2yryq12f9bnx48xdh11n8w0000gn/T/cargo-mutants-varve-AMqkqA.tmp/target/debug/deps/libureq-c13f0c7cabafeffa.rlib --extern varve_core=/private/var/folders/yp/nb2yryq12f9bnx48xdh11n8w0000gn/T/cargo-mutants-varve-AMqkqA.tmp/target/debug/deps/libvarve_core-5bb27eda95b97a80.rlib --extern wsc=/private/var/folders/yp/nb2yryq12f9bnx48xdh11n8w0000gn/T/cargo-mutants-varve-AMqkqA.tmp/target/debug/deps/libwsc-6c1e53876f7208c0.rlib -L native=/private/var/folders/yp/nb2yryq12f9bnx48xdh11n8w0000gn/T/cargo-mutants-varve-AMqkqA.tmp/target/debug/build/ring-d6161852d368ae9e/out`
warning: `varve-core` (lib test) generated 1 warning (1 duplicate)
    Finished `test` profile [unoptimized + debuginfo] target(s) in 0.88s
  Executable `/private/var/folders/yp/nb2yryq12f9bnx48xdh11n8w0000gn/T/cargo-mutants-varve-AMqkqA.tmp/target/debug/deps/varve_core-3b6a34e9d1f0d3d4`
  Executable `/private/var/folders/yp/nb2yryq12f9bnx48xdh11n8w0000gn/T/cargo-mutants-varve-AMqkqA.tmp/target/debug/deps/registry_double-c0a17344e8d26309`
  Executable `/private/var/folders/yp/nb2yryq12f9bnx48xdh11n8w0000gn/T/cargo-mutants-varve-AMqkqA.tmp/target/debug/deps/selfupdate_double-d8b39e7d574baa28`

*** result: Success

*** /Users/r/.rustup/toolchains/stable-aarch64-apple-darwin/bin/cargo test --verbose --package=varve-core@0.12.1
       Fresh unicode-ident v1.0.24
       Fresh cfg-if v1.0.4
       Fresh typenum v1.20.1
       Fresh version_check v0.9.5
       Fresh subtle v2.6.1
       Fresh memchr v2.8.3
       Fresh const-oid v0.9.6
       Fresh autocfg v1.5.1
       Fresh proc-macro2 v1.0.107
       Fresh find-msvc-tools v0.1.10
       Fresh shlex v2.0.1
       Fresh base64ct v1.8.3
       Fresh time-core v0.1.9
       Fresh num-conv v0.2.2
       Fresh quote v1.0.47
       Fresh libc v0.2.189
       Fresh cc v1.4.2
       Fresh pem-rfc7468 v0.7.0
       Fresh once_cell v1.21.4
       Fresh time-macros v0.2.32
       Fresh bitflags v2.13.1
       Fresh syn v2.0.119
       Fresh getrandom v0.2.17
       Fresh syn v3.0.3
       Fresh serde_core v1.0.229
       Fresh num-traits v0.2.19
       Fresh powerfmt v0.2.0
       Fresh minimal-lexical v0.2.1
       Fresh deranged v0.5.8
       Fresh itoa v1.0.18
       Fresh zeroize_derive v1.5.0
       Fresh rand_core v0.6.4
       Fresh synstructure v0.13.2
       Fresh thiserror-impl v1.0.69
       Fresh nom v7.1.3
       Fresh time v0.3.55
       Fresh untrusted v0.9.0
       Fresh log v0.4.33
       Fresh zeroize v1.9.0
       Fresh ring v0.17.14
       Fresh ff v0.13.1
       Fresh asn1-rs-derive v0.5.1
       Fresh rusticata-macros v4.1.0
       Fresh thiserror v1.0.69
       Fresh asn1-rs-impl v0.2.0
       Fresh displaydoc v0.2.7
       Fresh generic-array v0.14.9
       Fresh der v0.7.10
       Fresh rustls-pki-types v1.15.1
       Fresh serde_derive v1.0.229
       Fresh base64 v0.22.1
       Fresh base16ct v0.2.0
       Fresh zmij v1.0.23
       Fresh asn1-rs v0.6.2
       Fresh getrandom v0.4.3
       Fresh crypto-common v0.1.6
       Fresh block-buffer v0.10.4
       Fresh spki v0.7.3
       Fresh crypto-bigint v0.5.5
       Fresh serde v1.0.229
       Fresh group v0.13.0
       Fresh num-integer v0.1.46
       Fresh tracing-core v0.1.36
       Fresh aho-corasick v1.1.5
       Fresh digest v0.10.7
       Fresh pkcs8 v0.10.2
       Fresh regex-syntax v0.8.11
       Fresh lazy_static v1.5.0
       Fresh num-bigint v0.4.8
       Fresh sec1 v0.7.3
       Fresh hmac v0.12.1
       Fresh regex-automata v0.4.18
       Fresh serde_json v1.0.151
       Fresh errno v0.3.14
       Fresh cpufeatures v0.2.17
       Fresh elliptic-curve v0.13.8
       Fresh hybrid-array v0.4.14
       Fresh core-foundation-sys v0.8.7
       Fresh simd-adler32 v0.3.10
       Fresh bytes v1.12.1
       Fresh adler2 v2.0.1
       Fresh sha2 v0.10.9
       Fresh getrandom v0.3.4
       Fresh wit-bindgen v0.57.1
       Fresh iana-time-zone v0.1.65
       Fresh http v1.5.0
       Fresh miniz_oxide v0.8.9
       Fresh rustix v1.1.4
       Fresh crc32fast v1.5.0
       Fresh rfc6979 v0.4.0
       Fresh httparse v1.10.1
       Fresh der-parser v9.0.0
       Fresh oid-registry v0.7.1
       Fresh signature v2.2.0
       Fresh rustls-webpki v0.103.13
       Fresh tracing-attributes v0.1.31
       Fresh thiserror-impl v2.0.20
       Fresh pin-project-lite v0.2.17
       Fresh ct-codecs v1.1.7
       Fresh data-encoding v2.11.1
       Fresh winnow v1.0.4
       Fresh chrono v0.4.45
       Fresh flate2 v1.1.9
       Fresh toml_parser v1.1.3+spec-1.1.0
       Fresh tracing v0.1.44
       Fresh x509-parser v0.16.0
       Fresh ecdsa v0.16.9
       Fresh thiserror v2.0.20
       Fresh ed25519-compact v2.3.1
       Fresh rustls v0.23.43
       Fresh ureq-proto v0.6.0
       Fresh primeorder v0.13.6
       Fresh wasip2 v1.0.4+wasi-0.2.12
       Fresh block-buffer v0.12.1
       Fresh crypto-common v0.2.2
       Fresh matchers v0.2.0
       Fresh sharded-slab v0.1.7
       Fresh tracing-log v0.2.0
       Fresh tracing-serde v0.2.0
       Fresh webpki-roots v1.0.9
       Fresh pem v3.0.6
       Fresh yasna v0.5.2
       Fresh toml_datetime v1.1.1+spec-1.1.0
       Fresh serde_spanned v1.1.1
       Fresh thread_local v1.1.10
       Fresh hmac-sha256 v1.1.14
       Fresh smallvec v1.15.2
       Fresh ryu-js v0.2.2
       Fresh hex v0.4.3
       Fresh utf8-zero v0.8.1
       Fresh nu-ansi-term v0.50.3
       Fresh const-oid v0.10.2
       Fresh toml_writer v1.1.2+spec-1.1.0
       Fresh percent-encoding v2.3.2
       Fresh tracing-subscriber v0.3.23
       Fresh ureq v3.3.0
       Fresh toml v1.1.4+spec-1.1.0
       Fresh serde_jcs v0.2.0
       Fresh wsc-verify-core v0.10.0
       Fresh wsc-attestation v0.10.0
       Fresh digest v0.11.3
       Fresh rcgen v0.13.2
       Fresh p256 v0.13.2
       Fresh wasi v0.14.7+wasi-0.2.4
       Fresh anyhow v1.0.104
       Fresh xattr v1.6.1
       Fresh regex v1.13.1
       Fresh uuid v1.24.0
       Fresh maybe-async v0.2.11
       Fresh filetime v0.2.29
       Fresh cpufeatures v0.3.0
       Fresh fastrand v2.5.0
       Fresh sha2 v0.11.0
       Fresh wsc v0.10.0
       Fresh tar v0.4.46
       Fresh tempfile v3.27.0
warning: unused variable: `rfc3339`
   --> crates/varve-core/src/rollback.rs:128:26
    |
128 | pub(crate) fn epoch_days(rfc3339: &str) -> Option<i64> {
    |                          ^^^^^^^ help: if this is intentional, prefix it with an underscore: `_rfc3339`
    |
    = note: `#[warn(unused_variables)]` (part of `#[warn(unused)]`) on by default

warning: `varve-core` (lib) generated 1 warning (run `cargo fix --lib -p varve-core` to apply 1 suggestion)
warning: `varve-core` (lib test) generated 1 warning (1 duplicate)
       Fresh varve-core v0.12.1 (/private/var/folders/yp/nb2yryq12f9bnx48xdh11n8w0000gn/T/cargo-mutants-varve-AMqkqA.tmp/crates/varve-core)
    Finished `test` profile [unoptimized + debuginfo] target(s) in 0.06s
     Running `/private/var/folders/yp/nb2yryq12f9bnx48xdh11n8w0000gn/T/cargo-mutants-varve-AMqkqA.tmp/target/debug/deps/varve_core-3b6a34e9d1f0d3d4`

running 108 tests
test bazel::tests::platform_keys_map_the_rules_vocabulary ... ok
test deposit::tests::empty_and_duplicate_tool_lists_are_refused ... ok
test bazel::tests::a_tool_without_source_provenance_is_skipped_loudly ... ok
test bazel::tests::registries_compile_in_the_rules_schema_with_source_digests ... ok
test discover::tests::finds_pin_in_the_starting_directory ... ok
test archive::tests::export_refuses_a_layer_without_its_envelope ... ok
test discover::tests::no_pin_means_none_not_a_default ... ok
test discover::tests::nearest_pin_wins ... ok
test install::tests::a_failed_install_does_not_advance_the_high_water_mark ... ok
test install::tests::a_layer_with_nothing_for_the_host_platform_fails_closed ... ok
test install::tests::a_source_that_alters_a_blob_is_caught_by_the_signed_digest ... ok
test install::tests::a_rolled_back_layer_is_refused_at_install ... ok
test install::tests::a_source_that_answers_a_digest_request_with_other_bytes_is_caught ... ok
test install::tests::an_unverified_manifest_fetches_no_blobs_and_installs_nothing ... ok
test install::tests::channel_and_layer_mismatches_are_refused ... ok
test discover::tests::walks_up_to_an_ancestor_pin ... ok
test deposit::tests::the_payload_records_layer_line_channel_counter_and_tool_versions ... ok
test archive::tests::the_archive_source_cannot_relax_acceptance ... ok
test deposit::tests::a_deposit_round_trips_through_the_standard_install_pipeline ... ok
test layer::tests::display_round_trips_canonically ... ok
test layer::tests::parses_three_part_identifier_into_line_and_patch ... ok
test layer::tests::patch_numbers_parse_to_their_value ... ok
test layer::tests::patch_stays_inside_the_frozen_line ... ok
test layer::tests::rejects_malformed_identifiers ... ok
test install::tests::installs_a_verified_layer_end_to_end ... ok
test layer::tests::rejects_two_part_identifier_with_corrective_guidance ... ok
test layer::tests::two_part_guidance_requires_both_fields_well_formed ... ok
test layer::tests::rejects_month_outside_calendar_range ... ok
test deposit::tests::identical_specs_deposit_identical_digests ... ok
test install::tests::install_selects_only_entries_for_the_target_platform ... ok
test install::tests::staleness_is_surfaced_on_an_accepted_layer ... FAILED
test linestatus::tests::a_layer_manifest_envelope_cannot_pose_as_a_status_document ... ok
test manifest::tests::a_manifest_without_a_counter_is_unacceptable ... ok
test manifest::tests::a_manifest_without_issued_at_is_unacceptable ... ok
test archive::tests::export_does_not_mutate_the_core ... ok
test manifest::tests::a_non_numeric_counter_is_unacceptable ... ok
test manifest::tests::garbage_bytes_are_rejected_not_defaulted ... ok
test linestatus::tests::the_report_names_yank_support_window_and_problem_counts ... ok
test manifest::tests::a_non_date_issued_at_is_refused_not_silently_undated ... FAILED
test manifest::tests::parses_counter_and_issued_at_from_the_signed_annotations ... ok
test pin::tests::digest_and_tools_are_optional ... ok
test pin::tests::errors_name_the_offending_file ... ok
test pin::tests::rejects_empty_tools_list ... ok
test pin::tests::parses_a_complete_pin ... ok
test pin::tests::rejects_unknown_channel ... ok
test pin::tests::rejects_unknown_keys_instead_of_ignoring_them ... ok
test pin::tests::rejects_malformed_digest ... ok
test pin::tests::rejects_unsupported_manifest_version ... ok
test platform::tests::the_host_platform_is_a_target_triple ... ok
test platform::tests::unstamped_entries_are_platform_independent_and_stamped_ones_are_exact ... ok
test platform::tests::wasm32_entries_are_portable_to_every_host ... ok
test linestatus::tests::a_signed_status_document_round_trips ... ok
test realm::tests::a_missing_realms_file_fails_closed_with_guidance ... ok
test archive::tests::export_writes_a_standard_oci_image_layout ... ok
test pin::tests::rejects_two_part_layer_with_the_grammar_guidance ... ok
test realm::tests::an_undefined_realm_fails_closed_naming_what_exists ... ok
test registry::tests::oci_references_parse_and_bad_ones_are_refused ... ok
test realm::tests::different_roots_mean_different_namespaces ... ok
test install::tests::unstamped_legacy_entries_install_on_any_platform ... ok
test realm::tests::realms_resolve_by_name_with_walk_up_discovery ... ok
test archive::tests::an_archived_layer_installs_into_a_fresh_core_with_verification_unchanged ... ok
test resolve::tests::missing_layer_fails_with_the_corrective_command ... ok
test realm::tests::trust_root_file_is_read_relative_to_the_realms_file ... ok
test linestatus::tests::the_cache_refuses_a_counter_regression ... ok
test realm::tests::malformed_definitions_are_refused ... ok
test resolve::tests::ambiguous_name_fails_closed_instead_of_choosing ... ok
test resolve::tests::partial_layer_is_an_error_not_a_fallback ... ok
test resolve::tests::matching_digest_pin_resolves ... ok
test resolve::tests::pinned_digest_wins_and_a_mismatching_name_is_a_hard_failure ... ok
test resolve::tests::a_newer_layer_in_the_core_cannot_change_what_a_pin_resolves_to ... ok
test resolve::tests::resolves_the_pinned_layer_by_name ... ok
test linestatus::tests::attaching_status_to_a_layout_leaves_every_layer_blob_untouched ... ok
test rollback::tests::a_counter_below_the_mark_is_rejected ... ok
test resolve::tests::resolution_and_listing_never_write_to_the_core ... ok
test install::tests::kill_criterion_two_sources_one_verdict ... ok
test rollback::tests::advance_never_lowers_a_mark ... ok
test rollback::tests::an_unreadable_state_file_is_an_io_error_not_first_contact ... ok
test rollback::tests::epoch_days_applies_the_full_gregorian_leap_rule ... FAILED
test rollback::tests::an_equal_counter_reinstalls_cleanly ... ok
test rollback::tests::epoch_day_arithmetic_matches_the_civil_calendar ... FAILED
test rollback::tests::epoch_days_enforces_the_exact_yyyy_mm_dd_t_shape ... FAILED
test rollback::tests::staleness_is_a_pure_function_of_issued_at_now_and_threshold ... FAILED
test rollback::tests::staleness_threshold_boundary_is_strictly_greater_than ... FAILED
test rollback::tests::counters_are_scoped_per_line ... ok
test rollback::tests::corrupt_state_is_an_error_not_a_reset ... ok
test reverify::tests::a_missing_envelope_is_its_own_loud_verdict ... ok
test reverify::tests::a_freshly_installed_layer_reverifies ... ok
test rollback::tests::first_contact_accepts_and_advance_records_the_mark ... ok
test rollback::tests::marks_survive_a_new_session ... ok
test store::tests::missing_layer_is_none_not_an_invention ... ok
test reverify::tests::install_retains_the_envelope_for_offline_reverification ... ok
test selfverify::tests::a_file_outside_the_signed_sums_is_refused ... ok
test reverify::tests::an_altered_tool_binary_is_detected ... ok
test selfverify::tests::a_release_archive_verifies_against_the_signed_sums ... ok
test update::tests::version_comparison_is_strict_and_fails_closed ... ok
test selfverify::tests::a_tampered_archive_is_refused ... ok
test store::tests::missing_tool_in_an_installed_layer_is_none ... ok
test update::tests::the_binary_is_extracted_from_a_release_shaped_tarball ... ok
test store::tests::store_key_is_the_manifest_digest ... ok
test selfverify::tests::a_layer_manifest_envelope_cannot_pose_as_release_sums ... ok
test reverify::tests::an_altered_manifest_payload_is_detected ... ok
test verify::tests::a_signed_manifest_verifies_and_yields_its_payload ... ok
test verify::tests::a_signed_envelope_of_the_wrong_payload_type_is_rejected ... ok
test verify::tests::a_signature_from_an_untrusted_key_is_rejected ... ok
test store::tests::two_layers_coexist_and_are_independently_addressable ... ok
test selfverify::tests::sums_signed_by_an_untrusted_key_are_refused ... ok
test verify::tests::a_tampered_payload_is_rejected ... ok
test verify::tests::install_accepts_a_properly_signed_layer_and_rejects_the_same_bytes_resigned_by_an_impostor ... ok

failures:

---- install::tests::staleness_is_surfaced_on_an_accepted_layer stdout ----

thread 'install::tests::staleness_is_surfaced_on_an_accepted_layer' (19892265) panicked at crates/varve-core/src/install.rs:571:9:
assertion `left == right` failed
  left: None
 right: Some(123)
note: run with `RUST_BACKTRACE=1` environment variable to display a backtrace

---- manifest::tests::a_non_date_issued_at_is_refused_not_silently_undated stdout ----

thread 'manifest::tests::a_non_date_issued_at_is_refused_not_silently_undated' (19892282) panicked at crates/varve-core/src/manifest.rs:314:52:
called `Result::unwrap_err()` on an `Ok` value: LayerManifest { layer: LayerId { line: Line { year: 2026, month: 7 }, patch: 0 }, channel: "qualified", counter: 1, issued_at: "unknown", entries: [] }

---- rollback::tests::epoch_days_applies_the_full_gregorian_leap_rule stdout ----

thread 'rollback::tests::epoch_days_applies_the_full_gregorian_leap_rule' (19892325) panicked at crates/varve-core/src/rollback.rs:307:9:
assertion `left == right` failed: 2023 non-leap
  left: Some(0)
 right: None

---- rollback::tests::epoch_day_arithmetic_matches_the_civil_calendar stdout ----

thread 'rollback::tests::epoch_day_arithmetic_matches_the_civil_calendar' (19892324) panicked at crates/varve-core/src/rollback.rs:270:13:
assertion `left == right` failed: epoch_days(1970-01-02T00:00:00Z)
  left: Some(0)
 right: Some(1)

---- rollback::tests::epoch_days_enforces_the_exact_yyyy_mm_dd_t_shape stdout ----

thread 'rollback::tests::epoch_days_enforces_the_exact_yyyy_mm_dd_t_shape' (19892326) panicked at crates/varve-core/src/rollback.rs:287:9:
assertion `left == right` failed
  left: Some(0)
 right: Some(20672)

---- rollback::tests::staleness_is_a_pure_function_of_issued_at_now_and_threshold stdout ----

thread 'rollback::tests::staleness_is_a_pure_function_of_issued_at_now_and_threshold' (19892329) panicked at crates/varve-core/src/rollback.rs:350:9:
assertion `left == right` failed
  left: None
 right: Some(100)

---- rollback::tests::staleness_threshold_boundary_is_strictly_greater_than stdout ----

thread 'rollback::tests::staleness_threshold_boundary_is_strictly_greater_than' (19892330) panicked at crates/varve-core/src/rollback.rs:326:9:
assertion `left == right` failed
  left: None
 right: Some(31)


failures:
    install::tests::staleness_is_surfaced_on_an_accepted_layer
    manifest::tests::a_non_date_issued_at_is_refused_not_silently_undated
    rollback::tests::epoch_day_arithmetic_matches_the_civil_calendar
    rollback::tests::epoch_days_applies_the_full_gregorian_leap_rule
    rollback::tests::epoch_days_enforces_the_exact_yyyy_mm_dd_t_shape
    rollback::tests::staleness_is_a_pure_function_of_issued_at_now_and_threshold
    rollback::tests::staleness_threshold_boundary_is_strictly_greater_than

test result: FAILED. 101 passed; 7 failed; 0 ignored; 0 measured; 0 filtered out; finished in 0.06s

error: test failed, to rerun pass `-p varve-core --lib`

*** result: Failure(101)
