
*** crates/varve-core/src/verify.rs:89:5: replace dsse_sign_typed -> Result<String, VerifyError> with Ok("xyzzy".into())

*** mutation diff:
--- crates/varve-core/src/verify.rs
+++ replace dsse_sign_typed -> Result<String, VerifyError> with Ok("xyzzy".into())
@@ -81,23 +81,17 @@
 /// producing half, shared by deposit, line-status and release-sums signing
 /// so the two sides can never drift apart.
 pub fn dsse_sign_typed(
     payload: &[u8],
     payload_type: &str,
     secret_key: &[u8],
     key_id: &str,
 ) -> Result<String, VerifyError> {
-    let signer = Ed25519DsseSigner::from_bytes(secret_key, Some(key_id.to_string()))
-        .map_err(|e| VerifyError(format!("invalid signing key: {e}")))?;
-    let envelope = DsseEnvelope::sign(payload, payload_type, &signer)
-        .map_err(|e| VerifyError(format!("signing failed: {e}")))?;
-    envelope
-        .to_json_pretty()
-        .map_err(|e| VerifyError(format!("envelope serialization failed: {e}")))
+    Ok("xyzzy".into()) /* ~ changed by cargo-mutants ~ */
 }
 
 /// Sign layer-manifest payload bytes into a DSSE envelope (JSON).
 pub fn sign_layer_manifest(
     payload: &[u8],
     secret_key: &[u8],
     key_id: &str,
 ) -> Result<String, VerifyError> {


*** /Users/r/.rustup/toolchains/stable-aarch64-apple-darwin/bin/cargo test --no-run --verbose --package=varve-core@0.11.0
       Fresh unicode-ident v1.0.24
       Fresh cfg-if v1.0.4
       Fresh typenum v1.20.1
       Fresh version_check v0.9.5
       Fresh subtle v2.6.1
       Fresh memchr v2.8.3
       Fresh const-oid v0.9.6
       Fresh autocfg v1.5.1
       Fresh proc-macro2 v1.0.107
       Fresh find-msvc-tools v0.1.9
       Fresh shlex v2.0.1
       Fresh base64ct v1.8.3
       Fresh once_cell v1.21.4
       Fresh time-core v0.1.9
       Fresh quote v1.0.47
       Fresh libc v0.2.189
       Fresh cc v1.4.0
       Fresh pem-rfc7468 v0.7.0
       Fresh num-conv v0.2.2
       Fresh minimal-lexical v0.2.1
       Fresh bitflags v2.13.1
       Fresh syn v2.0.119
       Fresh getrandom v0.2.17
       Fresh syn v3.0.3
       Fresh num-traits v0.2.19
       Fresh serde_core v1.0.229
       Fresh time-macros v0.2.32
       Fresh itoa v1.0.18
       Fresh powerfmt v0.2.0
       Fresh deranged v0.5.8
       Fresh zeroize_derive v1.5.0
       Fresh rand_core v0.6.4
       Fresh time v0.3.55
       Fresh thiserror-impl v1.0.69
       Fresh synstructure v0.13.2
       Fresh nom v7.1.3
       Fresh untrusted v0.9.0
       Fresh log v0.4.33
       Fresh zeroize v1.9.0
       Fresh thiserror v1.0.69
       Fresh rusticata-macros v4.1.0
       Fresh ff v0.13.1
       Fresh ring v0.17.14
       Fresh asn1-rs-derive v0.5.1
       Fresh displaydoc v0.2.7
       Fresh asn1-rs-impl v0.2.0
       Fresh generic-array v0.14.9
       Fresh der v0.7.10
       Fresh rustls-pki-types v1.15.1
       Fresh serde_derive v1.0.229
       Fresh base64 v0.22.1
       Fresh base16ct v0.2.0
       Fresh asn1-rs v0.6.2
       Fresh getrandom v0.4.3
       Fresh group v0.13.0
       Fresh block-buffer v0.10.4
       Fresh crypto-common v0.1.6
       Fresh spki v0.7.3
       Fresh serde v1.0.229
       Fresh crypto-bigint v0.5.5
       Fresh zmij v1.0.23
       Fresh num-integer v0.1.46
       Fresh tracing-core v0.1.36
       Fresh aho-corasick v1.1.5
       Fresh lazy_static v1.5.0
       Fresh digest v0.10.7
       Fresh pkcs8 v0.10.2
       Fresh regex-syntax v0.8.11
       Fresh num-bigint v0.4.8
       Fresh serde_json v1.0.151
       Fresh sec1 v0.7.3
       Fresh hmac v0.12.1
       Fresh regex-automata v0.4.18
       Fresh errno v0.3.14
       Fresh cpufeatures v0.2.17
       Fresh elliptic-curve v0.13.8
       Fresh hybrid-array v0.4.14
       Fresh core-foundation-sys v0.8.7
       Fresh adler2 v2.0.1
       Fresh simd-adler32 v0.3.10
       Fresh bytes v1.12.1
       Fresh crc32fast v1.5.0
       Fresh oid-registry v0.7.1
       Fresh getrandom v0.3.4
       Fresh miniz_oxide v0.8.9
       Fresh http v1.5.0
       Fresh iana-time-zone v0.1.65
       Fresh sha2 v0.10.9
       Fresh rfc6979 v0.4.0
       Fresh rustix v1.1.4
       Fresh httparse v1.10.1
       Fresh wit-bindgen v0.57.1
       Fresh signature v2.2.0
       Fresh der-parser v9.0.0
       Fresh rustls-webpki v0.103.13
       Fresh tracing-attributes v0.1.31
       Fresh thiserror-impl v2.0.19
       Fresh pin-project-lite v0.2.17
       Fresh data-encoding v2.11.1
       Fresh ct-codecs v1.1.7
       Fresh winnow v1.0.4
       Fresh wasip2 v1.0.4+wasi-0.2.12
       Fresh chrono v0.4.45
       Fresh thiserror v2.0.19
       Fresh rustls v0.23.43
       Fresh x509-parser v0.16.0
       Fresh toml_parser v1.1.3+spec-1.1.0
       Fresh ed25519-compact v2.3.1
       Fresh tracing v0.1.44
       Fresh ecdsa v0.16.9
       Fresh ureq-proto v0.6.0
       Fresh flate2 v1.1.9
       Fresh primeorder v0.13.6
       Fresh block-buffer v0.12.1
       Fresh crypto-common v0.2.2
       Fresh matchers v0.2.0
       Fresh sharded-slab v0.1.7
       Fresh tracing-log v0.2.0
       Fresh tracing-serde v0.2.0
       Fresh pem v3.0.6
       Fresh webpki-roots v1.0.9
       Fresh yasna v0.5.2
       Fresh serde_spanned v1.1.1
       Fresh toml_datetime v1.1.1+spec-1.1.0
       Fresh thread_local v1.1.10
       Fresh smallvec v1.15.2
       Fresh toml_writer v1.1.2+spec-1.1.0
       Fresh hex v0.4.3
       Fresh hmac-sha256 v1.1.14
       Fresh percent-encoding v2.3.2
       Fresh utf8-zero v0.8.1
       Fresh const-oid v0.10.2
       Fresh ryu-js v0.2.2
       Fresh nu-ansi-term v0.50.3
       Fresh toml v1.1.4+spec-1.1.0
       Fresh digest v0.11.3
       Fresh wsc-verify-core v0.10.0
       Fresh tracing-subscriber v0.3.23
       Fresh serde_jcs v0.2.0
       Fresh wsc-attestation v0.10.0
       Fresh ureq v3.3.0
       Fresh rcgen v0.13.2
       Fresh anyhow v1.0.104
       Fresh p256 v0.13.2
       Fresh wasi v0.14.7+wasi-0.2.4
       Fresh xattr v1.6.1
       Fresh regex v1.13.1
       Fresh uuid v1.24.0
       Fresh maybe-async v0.2.11
       Fresh filetime v0.2.29
       Fresh cpufeatures v0.3.0
       Fresh fastrand v2.5.0
       Fresh wsc v0.10.0
       Fresh sha2 v0.11.0
       Fresh tar v0.4.46
       Fresh tempfile v3.27.0
       Dirty varve-core v0.11.0 (/private/var/folders/yp/nb2yryq12f9bnx48xdh11n8w0000gn/T/cargo-mutants-varve-5rp0oA.tmp/crates/varve-core): the file `crates/varve-core/src/verify.rs` has changed (1786171220.808233908s, 1s after last build at 1786171219.342043014s)
   Compiling varve-core v0.11.0 (/private/var/folders/yp/nb2yryq12f9bnx48xdh11n8w0000gn/T/cargo-mutants-varve-5rp0oA.tmp/crates/varve-core)
     Running `/Users/r/.rustup/toolchains/stable-aarch64-apple-darwin/bin/rustc --crate-name varve_core --edition=2024 crates/varve-core/src/lib.rs --error-format=json --json=diagnostic-rendered-ansi,artifacts,future-incompat --emit=dep-info,link -C embed-bitcode=no -C debuginfo=2 -C split-debuginfo=unpacked --test --check-cfg 'cfg(docsrs,test)' --check-cfg 'cfg(feature, values())' -C metadata=4ea1f9af98c1f9f6 -C extra-filename=-cd967a38bd9b372e --out-dir /private/var/folders/yp/nb2yryq12f9bnx48xdh11n8w0000gn/T/cargo-mutants-varve-5rp0oA.tmp/target/debug/deps -C incremental=/private/var/folders/yp/nb2yryq12f9bnx48xdh11n8w0000gn/T/cargo-mutants-varve-5rp0oA.tmp/target/debug/incremental -L dependency=/private/var/folders/yp/nb2yryq12f9bnx48xdh11n8w0000gn/T/cargo-mutants-varve-5rp0oA.tmp/target/debug/deps --extern flate2=/private/var/folders/yp/nb2yryq12f9bnx48xdh11n8w0000gn/T/cargo-mutants-varve-5rp0oA.tmp/target/debug/deps/libflate2-db5771d5ea3332d8.rlib --extern hex=/private/var/folders/yp/nb2yryq12f9bnx48xdh11n8w0000gn/T/cargo-mutants-varve-5rp0oA.tmp/target/debug/deps/libhex-528a0a13ca4f118d.rlib --extern serde=/private/var/folders/yp/nb2yryq12f9bnx48xdh11n8w0000gn/T/cargo-mutants-varve-5rp0oA.tmp/target/debug/deps/libserde-d27557693dece77d.rlib --extern serde_json=/private/var/folders/yp/nb2yryq12f9bnx48xdh11n8w0000gn/T/cargo-mutants-varve-5rp0oA.tmp/target/debug/deps/libserde_json-6daabe9057cf87b0.rlib --extern sha2=/private/var/folders/yp/nb2yryq12f9bnx48xdh11n8w0000gn/T/cargo-mutants-varve-5rp0oA.tmp/target/debug/deps/libsha2-ddd2c5e841145942.rlib --extern tar=/private/var/folders/yp/nb2yryq12f9bnx48xdh11n8w0000gn/T/cargo-mutants-varve-5rp0oA.tmp/target/debug/deps/libtar-85615377350b60d1.rlib --extern tempfile=/private/var/folders/yp/nb2yryq12f9bnx48xdh11n8w0000gn/T/cargo-mutants-varve-5rp0oA.tmp/target/debug/deps/libtempfile-364b383081de98bf.rlib --extern thiserror=/private/var/folders/yp/nb2yryq12f9bnx48xdh11n8w0000gn/T/cargo-mutants-varve-5rp0oA.tmp/target/debug/deps/libthiserror-b506b471ce60793a.rlib --extern toml=/private/var/folders/yp/nb2yryq12f9bnx48xdh11n8w0000gn/T/cargo-mutants-varve-5rp0oA.tmp/target/debug/deps/libtoml-811a898266b9ac66.rlib --extern ureq=/private/var/folders/yp/nb2yryq12f9bnx48xdh11n8w0000gn/T/cargo-mutants-varve-5rp0oA.tmp/target/debug/deps/libureq-64134fe2a626d9fe.rlib --extern wsc=/private/var/folders/yp/nb2yryq12f9bnx48xdh11n8w0000gn/T/cargo-mutants-varve-5rp0oA.tmp/target/debug/deps/libwsc-b8c6ba461f48dbd9.rlib -L native=/private/var/folders/yp/nb2yryq12f9bnx48xdh11n8w0000gn/T/cargo-mutants-varve-5rp0oA.tmp/target/debug/build/ring-9d28474194c2186a/out`
     Running `/Users/r/.rustup/toolchains/stable-aarch64-apple-darwin/bin/rustc --crate-name varve_core --edition=2024 crates/varve-core/src/lib.rs --error-format=json --json=diagnostic-rendered-ansi,artifacts,future-incompat --crate-type lib --emit=dep-info,metadata,link -C embed-bitcode=no -C debuginfo=2 -C split-debuginfo=unpacked --check-cfg 'cfg(docsrs,test)' --check-cfg 'cfg(feature, values())' -C metadata=4b92dfa4d33a14e6 -C extra-filename=-9ee57c892bb89227 --out-dir /private/var/folders/yp/nb2yryq12f9bnx48xdh11n8w0000gn/T/cargo-mutants-varve-5rp0oA.tmp/target/debug/deps -C incremental=/private/var/folders/yp/nb2yryq12f9bnx48xdh11n8w0000gn/T/cargo-mutants-varve-5rp0oA.tmp/target/debug/incremental -L dependency=/private/var/folders/yp/nb2yryq12f9bnx48xdh11n8w0000gn/T/cargo-mutants-varve-5rp0oA.tmp/target/debug/deps --extern flate2=/private/var/folders/yp/nb2yryq12f9bnx48xdh11n8w0000gn/T/cargo-mutants-varve-5rp0oA.tmp/target/debug/deps/libflate2-db5771d5ea3332d8.rmeta --extern hex=/private/var/folders/yp/nb2yryq12f9bnx48xdh11n8w0000gn/T/cargo-mutants-varve-5rp0oA.tmp/target/debug/deps/libhex-528a0a13ca4f118d.rmeta --extern serde=/private/var/folders/yp/nb2yryq12f9bnx48xdh11n8w0000gn/T/cargo-mutants-varve-5rp0oA.tmp/target/debug/deps/libserde-d27557693dece77d.rmeta --extern serde_json=/private/var/folders/yp/nb2yryq12f9bnx48xdh11n8w0000gn/T/cargo-mutants-varve-5rp0oA.tmp/target/debug/deps/libserde_json-6daabe9057cf87b0.rmeta --extern sha2=/private/var/folders/yp/nb2yryq12f9bnx48xdh11n8w0000gn/T/cargo-mutants-varve-5rp0oA.tmp/target/debug/deps/libsha2-ddd2c5e841145942.rmeta --extern tar=/private/var/folders/yp/nb2yryq12f9bnx48xdh11n8w0000gn/T/cargo-mutants-varve-5rp0oA.tmp/target/debug/deps/libtar-85615377350b60d1.rmeta --extern thiserror=/private/var/folders/yp/nb2yryq12f9bnx48xdh11n8w0000gn/T/cargo-mutants-varve-5rp0oA.tmp/target/debug/deps/libthiserror-b506b471ce60793a.rmeta --extern toml=/private/var/folders/yp/nb2yryq12f9bnx48xdh11n8w0000gn/T/cargo-mutants-varve-5rp0oA.tmp/target/debug/deps/libtoml-811a898266b9ac66.rmeta --extern ureq=/private/var/folders/yp/nb2yryq12f9bnx48xdh11n8w0000gn/T/cargo-mutants-varve-5rp0oA.tmp/target/debug/deps/libureq-64134fe2a626d9fe.rmeta --extern wsc=/private/var/folders/yp/nb2yryq12f9bnx48xdh11n8w0000gn/T/cargo-mutants-varve-5rp0oA.tmp/target/debug/deps/libwsc-b8c6ba461f48dbd9.rmeta -L native=/private/var/folders/yp/nb2yryq12f9bnx48xdh11n8w0000gn/T/cargo-mutants-varve-5rp0oA.tmp/target/debug/build/ring-9d28474194c2186a/out`
warning: unused import: `Ed25519DsseSigner`
  --> crates/varve-core/src/verify.rs:15:31
   |
15 | use wsc::dsse::{DsseEnvelope, Ed25519DsseSigner, Ed25519DsseVerifier};
   |                               ^^^^^^^^^^^^^^^^^
   |
   = note: `#[warn(unused_imports)]` (part of `#[warn(unused)]`) on by default

warning: unused variable: `payload`
  --> crates/varve-core/src/verify.rs:84:5
   |
84 |     payload: &[u8],
   |     ^^^^^^^ help: if this is intentional, prefix it with an underscore: `_payload`
   |
   = note: `#[warn(unused_variables)]` (part of `#[warn(unused)]`) on by default

warning: unused variable: `payload_type`
  --> crates/varve-core/src/verify.rs:85:5
   |
85 |     payload_type: &str,
   |     ^^^^^^^^^^^^ help: if this is intentional, prefix it with an underscore: `_payload_type`

warning: unused variable: `secret_key`
  --> crates/varve-core/src/verify.rs:86:5
   |
86 |     secret_key: &[u8],
   |     ^^^^^^^^^^ help: if this is intentional, prefix it with an underscore: `_secret_key`

warning: unused variable: `key_id`
  --> crates/varve-core/src/verify.rs:87:5
   |
87 |     key_id: &str,
   |     ^^^^^^ help: if this is intentional, prefix it with an underscore: `_key_id`

warning: `varve-core` (lib) generated 5 warnings (run `cargo fix --lib -p varve-core` to apply 5 suggestions)
     Running `/Users/r/.rustup/toolchains/stable-aarch64-apple-darwin/bin/rustc --crate-name registry_double --edition=2024 crates/varve-core/tests/registry_double.rs --error-format=json --json=diagnostic-rendered-ansi,artifacts,future-incompat --emit=dep-info,link -C embed-bitcode=no -C debuginfo=2 -C split-debuginfo=unpacked --test --check-cfg 'cfg(docsrs,test)' --check-cfg 'cfg(feature, values())' -C metadata=0e51f70301afbdd8 -C extra-filename=-3247153cb3793ba6 --out-dir /private/var/folders/yp/nb2yryq12f9bnx48xdh11n8w0000gn/T/cargo-mutants-varve-5rp0oA.tmp/target/debug/deps -C incremental=/private/var/folders/yp/nb2yryq12f9bnx48xdh11n8w0000gn/T/cargo-mutants-varve-5rp0oA.tmp/target/debug/incremental -L dependency=/private/var/folders/yp/nb2yryq12f9bnx48xdh11n8w0000gn/T/cargo-mutants-varve-5rp0oA.tmp/target/debug/deps --extern flate2=/private/var/folders/yp/nb2yryq12f9bnx48xdh11n8w0000gn/T/cargo-mutants-varve-5rp0oA.tmp/target/debug/deps/libflate2-db5771d5ea3332d8.rlib --extern hex=/private/var/folders/yp/nb2yryq12f9bnx48xdh11n8w0000gn/T/cargo-mutants-varve-5rp0oA.tmp/target/debug/deps/libhex-528a0a13ca4f118d.rlib --extern serde=/private/var/folders/yp/nb2yryq12f9bnx48xdh11n8w0000gn/T/cargo-mutants-varve-5rp0oA.tmp/target/debug/deps/libserde-d27557693dece77d.rlib --extern serde_json=/private/var/folders/yp/nb2yryq12f9bnx48xdh11n8w0000gn/T/cargo-mutants-varve-5rp0oA.tmp/target/debug/deps/libserde_json-6daabe9057cf87b0.rlib --extern sha2=/private/var/folders/yp/nb2yryq12f9bnx48xdh11n8w0000gn/T/cargo-mutants-varve-5rp0oA.tmp/target/debug/deps/libsha2-ddd2c5e841145942.rlib --extern tar=/private/var/folders/yp/nb2yryq12f9bnx48xdh11n8w0000gn/T/cargo-mutants-varve-5rp0oA.tmp/target/debug/deps/libtar-85615377350b60d1.rlib --extern tempfile=/private/var/folders/yp/nb2yryq12f9bnx48xdh11n8w0000gn/T/cargo-mutants-varve-5rp0oA.tmp/target/debug/deps/libtempfile-364b383081de98bf.rlib --extern thiserror=/private/var/folders/yp/nb2yryq12f9bnx48xdh11n8w0000gn/T/cargo-mutants-varve-5rp0oA.tmp/target/debug/deps/libthiserror-b506b471ce60793a.rlib --extern toml=/private/var/folders/yp/nb2yryq12f9bnx48xdh11n8w0000gn/T/cargo-mutants-varve-5rp0oA.tmp/target/debug/deps/libtoml-811a898266b9ac66.rlib --extern ureq=/private/var/folders/yp/nb2yryq12f9bnx48xdh11n8w0000gn/T/cargo-mutants-varve-5rp0oA.tmp/target/debug/deps/libureq-64134fe2a626d9fe.rlib --extern varve_core=/private/var/folders/yp/nb2yryq12f9bnx48xdh11n8w0000gn/T/cargo-mutants-varve-5rp0oA.tmp/target/debug/deps/libvarve_core-9ee57c892bb89227.rlib --extern wsc=/private/var/folders/yp/nb2yryq12f9bnx48xdh11n8w0000gn/T/cargo-mutants-varve-5rp0oA.tmp/target/debug/deps/libwsc-b8c6ba461f48dbd9.rlib -L native=/private/var/folders/yp/nb2yryq12f9bnx48xdh11n8w0000gn/T/cargo-mutants-varve-5rp0oA.tmp/target/debug/build/ring-9d28474194c2186a/out`
     Running `/Users/r/.rustup/toolchains/stable-aarch64-apple-darwin/bin/rustc --crate-name selfupdate_double --edition=2024 crates/varve-core/tests/selfupdate_double.rs --error-format=json --json=diagnostic-rendered-ansi,artifacts,future-incompat --emit=dep-info,link -C embed-bitcode=no -C debuginfo=2 -C split-debuginfo=unpacked --test --check-cfg 'cfg(docsrs,test)' --check-cfg 'cfg(feature, values())' -C metadata=9bf6fbed788eaa3f -C extra-filename=-abc53a6d39d615c5 --out-dir /private/var/folders/yp/nb2yryq12f9bnx48xdh11n8w0000gn/T/cargo-mutants-varve-5rp0oA.tmp/target/debug/deps -C incremental=/private/var/folders/yp/nb2yryq12f9bnx48xdh11n8w0000gn/T/cargo-mutants-varve-5rp0oA.tmp/target/debug/incremental -L dependency=/private/var/folders/yp/nb2yryq12f9bnx48xdh11n8w0000gn/T/cargo-mutants-varve-5rp0oA.tmp/target/debug/deps --extern flate2=/private/var/folders/yp/nb2yryq12f9bnx48xdh11n8w0000gn/T/cargo-mutants-varve-5rp0oA.tmp/target/debug/deps/libflate2-db5771d5ea3332d8.rlib --extern hex=/private/var/folders/yp/nb2yryq12f9bnx48xdh11n8w0000gn/T/cargo-mutants-varve-5rp0oA.tmp/target/debug/deps/libhex-528a0a13ca4f118d.rlib --extern serde=/private/var/folders/yp/nb2yryq12f9bnx48xdh11n8w0000gn/T/cargo-mutants-varve-5rp0oA.tmp/target/debug/deps/libserde-d27557693dece77d.rlib --extern serde_json=/private/var/folders/yp/nb2yryq12f9bnx48xdh11n8w0000gn/T/cargo-mutants-varve-5rp0oA.tmp/target/debug/deps/libserde_json-6daabe9057cf87b0.rlib --extern sha2=/private/var/folders/yp/nb2yryq12f9bnx48xdh11n8w0000gn/T/cargo-mutants-varve-5rp0oA.tmp/target/debug/deps/libsha2-ddd2c5e841145942.rlib --extern tar=/private/var/folders/yp/nb2yryq12f9bnx48xdh11n8w0000gn/T/cargo-mutants-varve-5rp0oA.tmp/target/debug/deps/libtar-85615377350b60d1.rlib --extern tempfile=/private/var/folders/yp/nb2yryq12f9bnx48xdh11n8w0000gn/T/cargo-mutants-varve-5rp0oA.tmp/target/debug/deps/libtempfile-364b383081de98bf.rlib --extern thiserror=/private/var/folders/yp/nb2yryq12f9bnx48xdh11n8w0000gn/T/cargo-mutants-varve-5rp0oA.tmp/target/debug/deps/libthiserror-b506b471ce60793a.rlib --extern toml=/private/var/folders/yp/nb2yryq12f9bnx48xdh11n8w0000gn/T/cargo-mutants-varve-5rp0oA.tmp/target/debug/deps/libtoml-811a898266b9ac66.rlib --extern ureq=/private/var/folders/yp/nb2yryq12f9bnx48xdh11n8w0000gn/T/cargo-mutants-varve-5rp0oA.tmp/target/debug/deps/libureq-64134fe2a626d9fe.rlib --extern varve_core=/private/var/folders/yp/nb2yryq12f9bnx48xdh11n8w0000gn/T/cargo-mutants-varve-5rp0oA.tmp/target/debug/deps/libvarve_core-9ee57c892bb89227.rlib --extern wsc=/private/var/folders/yp/nb2yryq12f9bnx48xdh11n8w0000gn/T/cargo-mutants-varve-5rp0oA.tmp/target/debug/deps/libwsc-b8c6ba461f48dbd9.rlib -L native=/private/var/folders/yp/nb2yryq12f9bnx48xdh11n8w0000gn/T/cargo-mutants-varve-5rp0oA.tmp/target/debug/build/ring-9d28474194c2186a/out`
warning: `varve-core` (lib test) generated 5 warnings (5 duplicates)
    Finished `test` profile [unoptimized + debuginfo] target(s) in 0.89s
  Executable `/private/var/folders/yp/nb2yryq12f9bnx48xdh11n8w0000gn/T/cargo-mutants-varve-5rp0oA.tmp/target/debug/deps/varve_core-cd967a38bd9b372e`
  Executable `/private/var/folders/yp/nb2yryq12f9bnx48xdh11n8w0000gn/T/cargo-mutants-varve-5rp0oA.tmp/target/debug/deps/registry_double-3247153cb3793ba6`
  Executable `/private/var/folders/yp/nb2yryq12f9bnx48xdh11n8w0000gn/T/cargo-mutants-varve-5rp0oA.tmp/target/debug/deps/selfupdate_double-abc53a6d39d615c5`

*** result: Success

*** /Users/r/.rustup/toolchains/stable-aarch64-apple-darwin/bin/cargo test --verbose --package=varve-core@0.11.0
       Fresh unicode-ident v1.0.24
       Fresh cfg-if v1.0.4
       Fresh typenum v1.20.1
       Fresh version_check v0.9.5
       Fresh subtle v2.6.1
       Fresh memchr v2.8.3
       Fresh const-oid v0.9.6
       Fresh autocfg v1.5.1
       Fresh proc-macro2 v1.0.107
       Fresh shlex v2.0.1
       Fresh find-msvc-tools v0.1.9
       Fresh base64ct v1.8.3
       Fresh num-conv v0.2.2
       Fresh once_cell v1.21.4
       Fresh quote v1.0.47
       Fresh libc v0.2.189
       Fresh cc v1.4.0
       Fresh pem-rfc7468 v0.7.0
       Fresh time-core v0.1.9
       Fresh bitflags v2.13.1
       Fresh minimal-lexical v0.2.1
       Fresh syn v2.0.119
       Fresh syn v3.0.3
       Fresh getrandom v0.2.17
       Fresh serde_core v1.0.229
       Fresh num-traits v0.2.19
       Fresh time-macros v0.2.32
       Fresh powerfmt v0.2.0
       Fresh itoa v1.0.18
       Fresh deranged v0.5.8
       Fresh nom v7.1.3
       Fresh zeroize_derive v1.5.0
       Fresh rand_core v0.6.4
       Fresh synstructure v0.13.2
       Fresh time v0.3.55
       Fresh thiserror-impl v1.0.69
       Fresh untrusted v0.9.0
       Fresh log v0.4.33
       Fresh zeroize v1.9.0
       Fresh ff v0.13.1
       Fresh thiserror v1.0.69
       Fresh ring v0.17.14
       Fresh asn1-rs-derive v0.5.1
       Fresh asn1-rs-impl v0.2.0
       Fresh rusticata-macros v4.1.0
       Fresh serde_derive v1.0.229
       Fresh generic-array v0.14.9
       Fresh der v0.7.10
       Fresh rustls-pki-types v1.15.1
       Fresh displaydoc v0.2.7
       Fresh base16ct v0.2.0
       Fresh base64 v0.22.1
       Fresh group v0.13.0
       Fresh getrandom v0.4.3
       Fresh zmij v1.0.23
       Fresh crypto-common v0.1.6
       Fresh block-buffer v0.10.4
       Fresh spki v0.7.3
       Fresh asn1-rs v0.6.2
       Fresh serde v1.0.229
       Fresh crypto-bigint v0.5.5
       Fresh num-integer v0.1.46
       Fresh tracing-core v0.1.36
       Fresh aho-corasick v1.1.5
       Fresh digest v0.10.7
       Fresh pkcs8 v0.10.2
       Fresh lazy_static v1.5.0
       Fresh regex-syntax v0.8.11
       Fresh serde_json v1.0.151
       Fresh num-bigint v0.4.8
       Fresh sec1 v0.7.3
       Fresh hmac v0.12.1
       Fresh regex-automata v0.4.18
       Fresh cpufeatures v0.2.17
       Fresh errno v0.3.14
       Fresh elliptic-curve v0.13.8
       Fresh hybrid-array v0.4.14
       Fresh bytes v1.12.1
       Fresh core-foundation-sys v0.8.7
       Fresh simd-adler32 v0.3.10
       Fresh adler2 v2.0.1
       Fresh crc32fast v1.5.0
       Fresh rustix v1.1.4
       Fresh sha2 v0.10.9
       Fresh iana-time-zone v0.1.65
       Fresh miniz_oxide v0.8.9
       Fresh http v1.5.0
       Fresh httparse v1.10.1
       Fresh getrandom v0.3.4
       Fresh rfc6979 v0.4.0
       Fresh wit-bindgen v0.57.1
       Fresh oid-registry v0.7.1
       Fresh der-parser v9.0.0
       Fresh signature v2.2.0
       Fresh rustls-webpki v0.103.13
       Fresh tracing-attributes v0.1.31
       Fresh thiserror-impl v2.0.19
       Fresh data-encoding v2.11.1
       Fresh ct-codecs v1.1.7
       Fresh pin-project-lite v0.2.17
       Fresh winnow v1.0.4
       Fresh ureq-proto v0.6.0
       Fresh chrono v0.4.45
       Fresh ed25519-compact v2.3.1
       Fresh toml_parser v1.1.3+spec-1.1.0
       Fresh tracing v0.1.44
       Fresh thiserror v2.0.19
       Fresh ecdsa v0.16.9
       Fresh x509-parser v0.16.0
       Fresh rustls v0.23.43
       Fresh flate2 v1.1.9
       Fresh wasip2 v1.0.4+wasi-0.2.12
       Fresh primeorder v0.13.6
       Fresh block-buffer v0.12.1
       Fresh crypto-common v0.2.2
       Fresh matchers v0.2.0
       Fresh sharded-slab v0.1.7
       Fresh tracing-serde v0.2.0
       Fresh tracing-log v0.2.0
       Fresh pem v3.0.6
       Fresh webpki-roots v1.0.9
       Fresh yasna v0.5.2
       Fresh serde_spanned v1.1.1
       Fresh toml_datetime v1.1.1+spec-1.1.0
       Fresh thread_local v1.1.10
       Fresh nu-ansi-term v0.50.3
       Fresh const-oid v0.10.2
       Fresh ryu-js v0.2.2
       Fresh smallvec v1.15.2
       Fresh toml_writer v1.1.2+spec-1.1.0
       Fresh utf8-zero v0.8.1
       Fresh hmac-sha256 v1.1.14
       Fresh percent-encoding v2.3.2
       Fresh hex v0.4.3
       Fresh ureq v3.3.0
       Fresh serde_jcs v0.2.0
       Fresh tracing-subscriber v0.3.23
       Fresh toml v1.1.4+spec-1.1.0
       Fresh wsc-attestation v0.10.0
       Fresh digest v0.11.3
       Fresh wsc-verify-core v0.10.0
       Fresh rcgen v0.13.2
       Fresh wasi v0.14.7+wasi-0.2.4
       Fresh p256 v0.13.2
       Fresh anyhow v1.0.104
       Fresh xattr v1.6.1
       Fresh regex v1.13.1
       Fresh uuid v1.24.0
       Fresh maybe-async v0.2.11
       Fresh cpufeatures v0.3.0
       Fresh filetime v0.2.29
       Fresh fastrand v2.5.0
       Fresh wsc v0.10.0
       Fresh tar v0.4.46
       Fresh sha2 v0.11.0
       Fresh tempfile v3.27.0
warning: unused import: `Ed25519DsseSigner`
  --> crates/varve-core/src/verify.rs:15:31
   |
15 | use wsc::dsse::{DsseEnvelope, Ed25519DsseSigner, Ed25519DsseVerifier};
   |                               ^^^^^^^^^^^^^^^^^
   |
   = note: `#[warn(unused_imports)]` (part of `#[warn(unused)]`) on by default

warning: unused variable: `payload`
  --> crates/varve-core/src/verify.rs:84:5
   |
84 |     payload: &[u8],
   |     ^^^^^^^ help: if this is intentional, prefix it with an underscore: `_payload`
   |
   = note: `#[warn(unused_variables)]` (part of `#[warn(unused)]`) on by default

warning: unused variable: `payload_type`
  --> crates/varve-core/src/verify.rs:85:5
   |
85 |     payload_type: &str,
   |     ^^^^^^^^^^^^ help: if this is intentional, prefix it with an underscore: `_payload_type`

warning: unused variable: `secret_key`
  --> crates/varve-core/src/verify.rs:86:5
   |
86 |     secret_key: &[u8],
   |     ^^^^^^^^^^ help: if this is intentional, prefix it with an underscore: `_secret_key`

warning: unused variable: `key_id`
  --> crates/varve-core/src/verify.rs:87:5
   |
87 |     key_id: &str,
   |     ^^^^^^ help: if this is intentional, prefix it with an underscore: `_key_id`

warning: `varve-core` (lib) generated 5 warnings (run `cargo fix --lib -p varve-core` to apply 5 suggestions)
warning: `varve-core` (lib test) generated 5 warnings (5 duplicates)
       Fresh varve-core v0.11.0 (/private/var/folders/yp/nb2yryq12f9bnx48xdh11n8w0000gn/T/cargo-mutants-varve-5rp0oA.tmp/crates/varve-core)
    Finished `test` profile [unoptimized + debuginfo] target(s) in 0.06s
     Running `/private/var/folders/yp/nb2yryq12f9bnx48xdh11n8w0000gn/T/cargo-mutants-varve-5rp0oA.tmp/target/debug/deps/varve_core-cd967a38bd9b372e`

running 105 tests
test bazel::tests::platform_keys_map_the_rules_vocabulary ... ok
test bazel::tests::a_tool_without_source_provenance_is_skipped_loudly ... ok
test bazel::tests::registries_compile_in_the_rules_schema_with_source_digests ... ok
test archive::tests::export_does_not_mutate_the_core ... FAILED
test archive::tests::export_refuses_a_layer_without_its_envelope ... FAILED
test deposit::tests::empty_and_duplicate_tool_lists_are_refused ... ok
test archive::tests::export_writes_a_standard_oci_image_layout ... FAILED
test archive::tests::an_archived_layer_installs_into_a_fresh_core_with_verification_unchanged ... FAILED
test archive::tests::the_archive_source_cannot_relax_acceptance ... FAILED
test discover::tests::finds_pin_in_the_starting_directory ... ok
test discover::tests::no_pin_means_none_not_a_default ... ok
test discover::tests::nearest_pin_wins ... ok
test install::tests::a_failed_install_does_not_advance_the_high_water_mark ... ok
test discover::tests::walks_up_to_an_ancestor_pin ... ok
test install::tests::a_layer_with_nothing_for_the_host_platform_fails_closed ... ok
test install::tests::channel_and_layer_mismatches_are_refused ... ok
test install::tests::a_rolled_back_layer_is_refused_at_install ... ok
test install::tests::a_source_that_alters_a_blob_is_caught_by_the_signed_digest ... ok
test deposit::tests::a_deposit_round_trips_through_the_standard_install_pipeline ... FAILED
test install::tests::an_unverified_manifest_fetches_no_blobs_and_installs_nothing ... ok
test install::tests::a_source_that_answers_a_digest_request_with_other_bytes_is_caught ... ok
test layer::tests::display_round_trips_canonically ... ok
test layer::tests::parses_three_part_identifier_into_line_and_patch ... ok
test layer::tests::patch_numbers_parse_to_their_value ... ok
test layer::tests::patch_stays_inside_the_frozen_line ... ok
test layer::tests::rejects_malformed_identifiers ... ok
test layer::tests::rejects_month_outside_calendar_range ... ok
test layer::tests::rejects_two_part_identifier_with_corrective_guidance ... ok
test layer::tests::two_part_guidance_requires_both_fields_well_formed ... ok
test linestatus::tests::a_signed_status_document_round_trips ... FAILED
test linestatus::tests::a_layer_manifest_envelope_cannot_pose_as_a_status_document ... FAILED
test linestatus::tests::the_report_names_yank_support_window_and_problem_counts ... ok
test manifest::tests::a_manifest_without_a_counter_is_unacceptable ... ok
test manifest::tests::a_manifest_without_issued_at_is_unacceptable ... ok
test manifest::tests::a_non_numeric_counter_is_unacceptable ... ok
test manifest::tests::garbage_bytes_are_rejected_not_defaulted ... ok
test manifest::tests::parses_counter_and_issued_at_from_the_signed_annotations ... ok
test pin::tests::digest_and_tools_are_optional ... ok
test pin::tests::errors_name_the_offending_file ... ok
test pin::tests::parses_a_complete_pin ... ok
test pin::tests::rejects_empty_tools_list ... ok
test pin::tests::rejects_malformed_digest ... ok
test pin::tests::rejects_two_part_layer_with_the_grammar_guidance ... ok
test pin::tests::rejects_unknown_channel ... ok
test deposit::tests::the_payload_records_layer_line_channel_counter_and_tool_versions ... ok
test install::tests::install_selects_only_entries_for_the_target_platform ... ok
test pin::tests::rejects_unknown_keys_instead_of_ignoring_them ... ok
test pin::tests::rejects_unsupported_manifest_version ... ok
test platform::tests::unstamped_entries_are_platform_independent_and_stamped_ones_are_exact ... ok
test platform::tests::wasm32_entries_are_portable_to_every_host ... ok
test realm::tests::a_missing_realms_file_fails_closed_with_guidance ... ok
test linestatus::tests::the_cache_refuses_a_counter_regression ... FAILED
test platform::tests::the_host_platform_is_a_target_triple ... ok
test realm::tests::an_undefined_realm_fails_closed_naming_what_exists ... ok
test install::tests::installs_a_verified_layer_end_to_end ... ok
test registry::tests::oci_references_parse_and_bad_ones_are_refused ... ok
test realm::tests::different_roots_mean_different_namespaces ... ok
test install::tests::unstamped_legacy_entries_install_on_any_platform ... ok
test install::tests::staleness_is_surfaced_on_an_accepted_layer ... ok
test realm::tests::realms_resolve_by_name_with_walk_up_discovery ... ok
test deposit::tests::identical_specs_deposit_identical_digests ... ok
test resolve::tests::missing_layer_fails_with_the_corrective_command ... ok
test realm::tests::malformed_definitions_are_refused ... ok
test realm::tests::trust_root_file_is_read_relative_to_the_realms_file ... ok
test linestatus::tests::attaching_status_to_a_layout_leaves_every_layer_blob_untouched ... FAILED
test reverify::tests::a_missing_envelope_is_its_own_loud_verdict ... FAILED
test resolve::tests::matching_digest_pin_resolves ... ok
test reverify::tests::a_freshly_installed_layer_reverifies ... FAILED
test resolve::tests::partial_layer_is_an_error_not_a_fallback ... ok
test reverify::tests::an_altered_manifest_payload_is_detected ... FAILED
test resolve::tests::pinned_digest_wins_and_a_mismatching_name_is_a_hard_failure ... ok
test reverify::tests::install_retains_the_envelope_for_offline_reverification ... FAILED
test resolve::tests::ambiguous_name_fails_closed_instead_of_choosing ... ok
test reverify::tests::an_altered_tool_binary_is_detected ... FAILED
test resolve::tests::resolution_and_listing_never_write_to_the_core ... ok
test rollback::tests::epoch_day_arithmetic_matches_the_civil_calendar ... ok
test resolve::tests::a_newer_layer_in_the_core_cannot_change_what_a_pin_resolves_to ... ok
test rollback::tests::advance_never_lowers_a_mark ... ok
test rollback::tests::staleness_is_a_pure_function_of_issued_at_now_and_threshold ... ok
test rollback::tests::staleness_threshold_boundary_is_strictly_greater_than ... ok
test rollback::tests::a_counter_below_the_mark_is_rejected ... ok
test rollback::tests::an_unreadable_state_file_is_an_io_error_not_first_contact ... ok
test rollback::tests::an_equal_counter_reinstalls_cleanly ... ok
test rollback::tests::counters_are_scoped_per_line ... ok
test selfverify::tests::a_file_outside_the_signed_sums_is_refused ... FAILED
test resolve::tests::resolves_the_pinned_layer_by_name ... ok
test rollback::tests::corrupt_state_is_an_error_not_a_reset ... ok
test rollback::tests::first_contact_accepts_and_advance_records_the_mark ... ok
test selfverify::tests::a_release_archive_verifies_against_the_signed_sums ... FAILED
test selfverify::tests::a_layer_manifest_envelope_cannot_pose_as_release_sums ... FAILED
test store::tests::missing_layer_is_none_not_an_invention ... ok
test update::tests::version_comparison_is_strict_and_fails_closed ... ok
test rollback::tests::marks_survive_a_new_session ... ok
test selfverify::tests::a_tampered_archive_is_refused ... FAILED
test update::tests::the_binary_is_extracted_from_a_release_shaped_tarball ... ok
test verify::tests::a_signature_from_an_untrusted_key_is_rejected ... ok
test verify::tests::a_signed_manifest_verifies_and_yields_its_payload ... FAILED
test verify::tests::a_tampered_payload_is_rejected ... FAILED
test install::tests::kill_criterion_two_sources_one_verdict ... ok
test verify::tests::a_signed_envelope_of_the_wrong_payload_type_is_rejected ... ok
test selfverify::tests::sums_signed_by_an_untrusted_key_are_refused ... ok
test store::tests::missing_tool_in_an_installed_layer_is_none ... ok
test store::tests::store_key_is_the_manifest_digest ... ok
test verify::tests::install_accepts_a_properly_signed_layer_and_rejects_the_same_bytes_resigned_by_an_impostor ... FAILED
test store::tests::two_layers_coexist_and_are_independently_addressable ... ok

failures:

---- archive::tests::export_does_not_mutate_the_core stdout ----

thread 'archive::tests::export_does_not_mutate_the_core' (19616437) panicked at crates/varve-core/src/archive.rs:297:10:
called `Result::unwrap()` on an `Err` value: Source(NotFound("Name(LayerId { line: Line { year: 2026, month: 7 }, patch: 0 })"))

---- archive::tests::export_refuses_a_layer_without_its_envelope stdout ----

thread 'archive::tests::export_refuses_a_layer_without_its_envelope' (19616438) panicked at crates/varve-core/src/archive.rs:297:10:
called `Result::unwrap()` on an `Err` value: Source(NotFound("Name(LayerId { line: Line { year: 2026, month: 7 }, patch: 0 })"))

---- archive::tests::export_writes_a_standard_oci_image_layout stdout ----

thread 'archive::tests::export_writes_a_standard_oci_image_layout' (19616439) panicked at crates/varve-core/src/archive.rs:297:10:
called `Result::unwrap()` on an `Err` value: Source(NotFound("Name(LayerId { line: Line { year: 2026, month: 7 }, patch: 0 })"))
note: run with `RUST_BACKTRACE=1` environment variable to display a backtrace

---- archive::tests::an_archived_layer_installs_into_a_fresh_core_with_verification_unchanged stdout ----

thread 'archive::tests::an_archived_layer_installs_into_a_fresh_core_with_verification_unchanged' (19616436) panicked at crates/varve-core/src/archive.rs:297:10:
called `Result::unwrap()` on an `Err` value: Source(NotFound("Name(LayerId { line: Line { year: 2026, month: 7 }, patch: 0 })"))

---- archive::tests::the_archive_source_cannot_relax_acceptance stdout ----

thread 'archive::tests::the_archive_source_cannot_relax_acceptance' (19616440) panicked at crates/varve-core/src/archive.rs:297:10:
called `Result::unwrap()` on an `Err` value: Source(NotFound("Name(LayerId { line: Line { year: 2026, month: 7 }, patch: 0 })"))

---- deposit::tests::a_deposit_round_trips_through_the_standard_install_pipeline stdout ----

thread 'deposit::tests::a_deposit_round_trips_through_the_standard_install_pipeline' (19616444) panicked at crates/varve-core/src/deposit.rs:323:10:
called `Result::unwrap()` on an `Err` value: Verify(VerifyError("not a DSSE envelope: Internal error: [Failed to parse DSSE envelope: expected value at line 1 column 1]"))

---- linestatus::tests::a_signed_status_document_round_trips stdout ----

thread 'linestatus::tests::a_signed_status_document_round_trips' (19616473) panicked at crates/varve-core/src/linestatus.rs:356:77:
called `Result::unwrap()` on an `Err` value: Verify(VerifyError("not a DSSE envelope: Internal error: [Failed to parse DSSE envelope: expected value at line 1 column 1]"))

---- linestatus::tests::a_layer_manifest_envelope_cannot_pose_as_a_status_document stdout ----

thread 'linestatus::tests::a_layer_manifest_envelope_cannot_pose_as_a_status_document' (19616472) panicked at crates/varve-core/src/linestatus.rs:373:9:
got: manifest signature verification failed: not a DSSE envelope: Internal error: [Failed to parse DSSE envelope: expected value at line 1 column 1]

---- linestatus::tests::the_cache_refuses_a_counter_regression stdout ----

thread 'linestatus::tests::the_cache_refuses_a_counter_regression' (19616475) panicked at crates/varve-core/src/linestatus.rs:476:9:
assertion failed: matches!(err, LineStatusError::Stale { presented: 1, cached: 2, .. })

---- linestatus::tests::attaching_status_to_a_layout_leaves_every_layer_blob_untouched stdout ----

thread 'linestatus::tests::attaching_status_to_a_layout_leaves_every_layer_blob_untouched' (19616474) panicked at crates/varve-core/src/linestatus.rs:439:66:
called `Result::unwrap()` on an `Err` value: Verify(VerifyError("not a DSSE envelope: Internal error: [Failed to parse DSSE envelope: expected value at line 1 column 1]"))

---- reverify::tests::a_missing_envelope_is_its_own_loud_verdict stdout ----

thread 'reverify::tests::a_missing_envelope_is_its_own_loud_verdict' (19616510) panicked at crates/varve-core/src/reverify.rs:159:86:
called `Result::unwrap()` on an `Err` value: Source(NotFound("Name(LayerId { line: Line { year: 2026, month: 7 }, patch: 0 })"))

---- reverify::tests::a_freshly_installed_layer_reverifies stdout ----

thread 'reverify::tests::a_freshly_installed_layer_reverifies' (19616509) panicked at crates/varve-core/src/reverify.rs:159:86:
called `Result::unwrap()` on an `Err` value: Source(NotFound("Name(LayerId { line: Line { year: 2026, month: 7 }, patch: 0 })"))

---- reverify::tests::an_altered_manifest_payload_is_detected stdout ----

thread 'reverify::tests::an_altered_manifest_payload_is_detected' (19616511) panicked at crates/varve-core/src/reverify.rs:159:86:
called `Result::unwrap()` on an `Err` value: Source(NotFound("Name(LayerId { line: Line { year: 2026, month: 7 }, patch: 0 })"))

---- reverify::tests::install_retains_the_envelope_for_offline_reverification stdout ----

thread 'reverify::tests::install_retains_the_envelope_for_offline_reverification' (19616513) panicked at crates/varve-core/src/reverify.rs:159:86:
called `Result::unwrap()` on an `Err` value: Source(NotFound("Name(LayerId { line: Line { year: 2026, month: 7 }, patch: 0 })"))

---- reverify::tests::an_altered_tool_binary_is_detected stdout ----

thread 'reverify::tests::an_altered_tool_binary_is_detected' (19616512) panicked at crates/varve-core/src/reverify.rs:159:86:
called `Result::unwrap()` on an `Err` value: Source(NotFound("Name(LayerId { line: Line { year: 2026, month: 7 }, patch: 0 })"))

---- selfverify::tests::a_file_outside_the_signed_sums_is_refused stdout ----

thread 'selfverify::tests::a_file_outside_the_signed_sums_is_refused' (19616525) panicked at crates/varve-core/src/selfverify.rs:138:9:
got: manifest signature verification failed: not a DSSE envelope: Internal error: [Failed to parse DSSE envelope: expected value at line 1 column 1]

---- selfverify::tests::a_release_archive_verifies_against_the_signed_sums stdout ----

thread 'selfverify::tests::a_release_archive_verifies_against_the_signed_sums' (19616527) panicked at crates/varve-core/src/selfverify.rs:110:10:
called `Result::unwrap()` on an `Err` value: Verify(VerifyError("not a DSSE envelope: Internal error: [Failed to parse DSSE envelope: expected value at line 1 column 1]"))

---- selfverify::tests::a_layer_manifest_envelope_cannot_pose_as_release_sums stdout ----

thread 'selfverify::tests::a_layer_manifest_envelope_cannot_pose_as_release_sums' (19616526) panicked at crates/varve-core/src/selfverify.rs:167:9:
got: manifest signature verification failed: not a DSSE envelope: Internal error: [Failed to parse DSSE envelope: expected value at line 1 column 1]

---- selfverify::tests::a_tampered_archive_is_refused stdout ----

thread 'selfverify::tests::a_tampered_archive_is_refused' (19616528) panicked at crates/varve-core/src/selfverify.rs:126:9:
got: manifest signature verification failed: not a DSSE envelope: Internal error: [Failed to parse DSSE envelope: expected value at line 1 column 1]

---- verify::tests::a_signed_manifest_verifies_and_yields_its_payload stdout ----

thread 'verify::tests::a_signed_manifest_verifies_and_yields_its_payload' (19616538) panicked at crates/varve-core/src/verify.rs:131:57:
called `Result::unwrap()` on an `Err` value: VerifyError("not a DSSE envelope: Internal error: [Failed to parse DSSE envelope: expected value at line 1 column 1]")

---- verify::tests::a_tampered_payload_is_rejected stdout ----

thread 'verify::tests::a_tampered_payload_is_rejected' (19616539) panicked at crates/varve-core/src/verify.rs:154:77:
called `Result::unwrap()` on an `Err` value: Error("expected value", line: 1, column: 1)

---- verify::tests::install_accepts_a_properly_signed_layer_and_rejects_the_same_bytes_resigned_by_an_impostor stdout ----

thread 'verify::tests::install_accepts_a_properly_signed_layer_and_rejects_the_same_bytes_resigned_by_an_impostor' (19616540) panicked at crates/varve-core/src/verify.rs:216:86:
called `Result::unwrap()` on an `Err` value: Source(NotFound("Name(LayerId { line: Line { year: 2026, month: 7 }, patch: 0 })"))


failures:
    archive::tests::an_archived_layer_installs_into_a_fresh_core_with_verification_unchanged
    archive::tests::export_does_not_mutate_the_core
    archive::tests::export_refuses_a_layer_without_its_envelope
    archive::tests::export_writes_a_standard_oci_image_layout
    archive::tests::the_archive_source_cannot_relax_acceptance
    deposit::tests::a_deposit_round_trips_through_the_standard_install_pipeline
    linestatus::tests::a_layer_manifest_envelope_cannot_pose_as_a_status_document
    linestatus::tests::a_signed_status_document_round_trips
    linestatus::tests::attaching_status_to_a_layout_leaves_every_layer_blob_untouched
    linestatus::tests::the_cache_refuses_a_counter_regression
    reverify::tests::a_freshly_installed_layer_reverifies
    reverify::tests::a_missing_envelope_is_its_own_loud_verdict
    reverify::tests::an_altered_manifest_payload_is_detected
    reverify::tests::an_altered_tool_binary_is_detected
    reverify::tests::install_retains_the_envelope_for_offline_reverification
    selfverify::tests::a_file_outside_the_signed_sums_is_refused
    selfverify::tests::a_layer_manifest_envelope_cannot_pose_as_release_sums
    selfverify::tests::a_release_archive_verifies_against_the_signed_sums
    selfverify::tests::a_tampered_archive_is_refused
    verify::tests::a_signed_manifest_verifies_and_yields_its_payload
    verify::tests::a_tampered_payload_is_rejected
    verify::tests::install_accepts_a_properly_signed_layer_and_rejects_the_same_bytes_resigned_by_an_impostor

test result: FAILED. 83 passed; 22 failed; 0 ignored; 0 measured; 0 filtered out; finished in 0.04s

error: test failed, to rerun pass `-p varve-core --lib`

*** result: Failure(101)
